<?xml version="1.0"?>
<link_info>
   <banner>MSP430 Linker Unix v16.9.1.LTS</banner>
   <copyright>Copyright (c) 2003-2015 Texas Instruments Incorporated</copyright>
   <link_time>0x5a09f15d</link_time>
   <link_errors>0x0</link_errors>
   <output_file>ir_tx.out</output_file>
   <entry_point>
      <name>_c_int00_noargs_mpu</name>
      <address>0x4440</address>
   </entry_point>
   <input_file_list>
      <input_file id="fl-2">
         <path>./</path>
         <kind>object</kind>
         <file>main.obj</file>
         <name>main.obj</name>
      </input_file>
      <input_file id="fl-3">
         <path>./src/</path>
         <kind>object</kind>
         <file>ir.obj</file>
         <name>ir.obj</name>
      </input_file>
      <input_file id="fl-4">
         <path>./src/</path>
         <kind>object</kind>
         <file>peripherals.obj</file>
         <name>peripherals.obj</name>
      </input_file>
      <input_file id="fl-2c">
         <path>/Applications/ti/ccsv7/tools/compiler/ti-cgt-msp430_16.9.1.LTS/lib/</path>
         <kind>archive</kind>
         <file>rts430x_lc_rd_eabi.lib</file>
         <name>copy_decompress_lzss.obj</name>
      </input_file>
      <input_file id="fl-2d">
         <path>/Applications/ti/ccsv7/tools/compiler/ti-cgt-msp430_16.9.1.LTS/lib/</path>
         <kind>archive</kind>
         <file>rts430x_lc_rd_eabi.lib</file>
         <name>copy_decompress_none.obj</name>
      </input_file>
      <input_file id="fl-2e">
         <path>/Applications/ti/ccsv7/tools/compiler/ti-cgt-msp430_16.9.1.LTS/lib/</path>
         <kind>archive</kind>
         <file>rts430x_lc_rd_eabi.lib</file>
         <name>int18.obj</name>
      </input_file>
      <input_file id="fl-2f">
         <path>/Applications/ti/ccsv7/tools/compiler/ti-cgt-msp430_16.9.1.LTS/lib/</path>
         <kind>archive</kind>
         <file>rts430x_lc_rd_eabi.lib</file>
         <name>isr_trap.obj</name>
      </input_file>
      <input_file id="fl-30">
         <path>/Applications/ti/ccsv7/tools/compiler/ti-cgt-msp430_16.9.1.LTS/lib/</path>
         <kind>archive</kind>
         <file>rts430x_lc_rd_eabi.lib</file>
         <name>int19.obj</name>
      </input_file>
      <input_file id="fl-31">
         <path>/Applications/ti/ccsv7/tools/compiler/ti-cgt-msp430_16.9.1.LTS/lib/</path>
         <kind>archive</kind>
         <file>rts430x_lc_rd_eabi.lib</file>
         <name>int20.obj</name>
      </input_file>
      <input_file id="fl-32">
         <path>/Applications/ti/ccsv7/tools/compiler/ti-cgt-msp430_16.9.1.LTS/lib/</path>
         <kind>archive</kind>
         <file>rts430x_lc_rd_eabi.lib</file>
         <name>int21.obj</name>
      </input_file>
      <input_file id="fl-33">
         <path>/Applications/ti/ccsv7/tools/compiler/ti-cgt-msp430_16.9.1.LTS/lib/</path>
         <kind>archive</kind>
         <file>rts430x_lc_rd_eabi.lib</file>
         <name>int22.obj</name>
      </input_file>
      <input_file id="fl-34">
         <path>/Applications/ti/ccsv7/tools/compiler/ti-cgt-msp430_16.9.1.LTS/lib/</path>
         <kind>archive</kind>
         <file>rts430x_lc_rd_eabi.lib</file>
         <name>int23.obj</name>
      </input_file>
      <input_file id="fl-35">
         <path>/Applications/ti/ccsv7/tools/compiler/ti-cgt-msp430_16.9.1.LTS/lib/</path>
         <kind>archive</kind>
         <file>rts430x_lc_rd_eabi.lib</file>
         <name>int24.obj</name>
      </input_file>
      <input_file id="fl-36">
         <path>/Applications/ti/ccsv7/tools/compiler/ti-cgt-msp430_16.9.1.LTS/lib/</path>
         <kind>archive</kind>
         <file>rts430x_lc_rd_eabi.lib</file>
         <name>int25.obj</name>
      </input_file>
      <input_file id="fl-37">
         <path>/Applications/ti/ccsv7/tools/compiler/ti-cgt-msp430_16.9.1.LTS/lib/</path>
         <kind>archive</kind>
         <file>rts430x_lc_rd_eabi.lib</file>
         <name>int26.obj</name>
      </input_file>
      <input_file id="fl-38">
         <path>/Applications/ti/ccsv7/tools/compiler/ti-cgt-msp430_16.9.1.LTS/lib/</path>
         <kind>archive</kind>
         <file>rts430x_lc_rd_eabi.lib</file>
         <name>int27.obj</name>
      </input_file>
      <input_file id="fl-39">
         <path>/Applications/ti/ccsv7/tools/compiler/ti-cgt-msp430_16.9.1.LTS/lib/</path>
         <kind>archive</kind>
         <file>rts430x_lc_rd_eabi.lib</file>
         <name>int28.obj</name>
      </input_file>
      <input_file id="fl-3a">
         <path>/Applications/ti/ccsv7/tools/compiler/ti-cgt-msp430_16.9.1.LTS/lib/</path>
         <kind>archive</kind>
         <file>rts430x_lc_rd_eabi.lib</file>
         <name>int29.obj</name>
      </input_file>
      <input_file id="fl-3b">
         <path>/Applications/ti/ccsv7/tools/compiler/ti-cgt-msp430_16.9.1.LTS/lib/</path>
         <kind>archive</kind>
         <file>rts430x_lc_rd_eabi.lib</file>
         <name>int30.obj</name>
      </input_file>
      <input_file id="fl-3c">
         <path>/Applications/ti/ccsv7/tools/compiler/ti-cgt-msp430_16.9.1.LTS/lib/</path>
         <kind>archive</kind>
         <file>rts430x_lc_rd_eabi.lib</file>
         <name>int31.obj</name>
      </input_file>
      <input_file id="fl-3d">
         <path>/Applications/ti/ccsv7/tools/compiler/ti-cgt-msp430_16.9.1.LTS/lib/</path>
         <kind>archive</kind>
         <file>rts430x_lc_rd_eabi.lib</file>
         <name>int32.obj</name>
      </input_file>
      <input_file id="fl-3e">
         <path>/Applications/ti/ccsv7/tools/compiler/ti-cgt-msp430_16.9.1.LTS/lib/</path>
         <kind>archive</kind>
         <file>rts430x_lc_rd_eabi.lib</file>
         <name>int33.obj</name>
      </input_file>
      <input_file id="fl-3f">
         <path>/Applications/ti/ccsv7/tools/compiler/ti-cgt-msp430_16.9.1.LTS/lib/</path>
         <kind>archive</kind>
         <file>rts430x_lc_rd_eabi.lib</file>
         <name>int34.obj</name>
      </input_file>
      <input_file id="fl-40">
         <path>/Applications/ti/ccsv7/tools/compiler/ti-cgt-msp430_16.9.1.LTS/lib/</path>
         <kind>archive</kind>
         <file>rts430x_lc_rd_eabi.lib</file>
         <name>int35.obj</name>
      </input_file>
      <input_file id="fl-41">
         <path>/Applications/ti/ccsv7/tools/compiler/ti-cgt-msp430_16.9.1.LTS/lib/</path>
         <kind>archive</kind>
         <file>rts430x_lc_rd_eabi.lib</file>
         <name>int36.obj</name>
      </input_file>
      <input_file id="fl-42">
         <path>/Applications/ti/ccsv7/tools/compiler/ti-cgt-msp430_16.9.1.LTS/lib/</path>
         <kind>archive</kind>
         <file>rts430x_lc_rd_eabi.lib</file>
         <name>int37.obj</name>
      </input_file>
      <input_file id="fl-43">
         <path>/Applications/ti/ccsv7/tools/compiler/ti-cgt-msp430_16.9.1.LTS/lib/</path>
         <kind>archive</kind>
         <file>rts430x_lc_rd_eabi.lib</file>
         <name>int38.obj</name>
      </input_file>
      <input_file id="fl-44">
         <path>/Applications/ti/ccsv7/tools/compiler/ti-cgt-msp430_16.9.1.LTS/lib/</path>
         <kind>archive</kind>
         <file>rts430x_lc_rd_eabi.lib</file>
         <name>int39.obj</name>
      </input_file>
      <input_file id="fl-45">
         <path>/Applications/ti/ccsv7/tools/compiler/ti-cgt-msp430_16.9.1.LTS/lib/</path>
         <kind>archive</kind>
         <file>rts430x_lc_rd_eabi.lib</file>
         <name>int40.obj</name>
      </input_file>
      <input_file id="fl-46">
         <path>/Applications/ti/ccsv7/tools/compiler/ti-cgt-msp430_16.9.1.LTS/lib/</path>
         <kind>archive</kind>
         <file>rts430x_lc_rd_eabi.lib</file>
         <name>int41.obj</name>
      </input_file>
      <input_file id="fl-47">
         <path>/Applications/ti/ccsv7/tools/compiler/ti-cgt-msp430_16.9.1.LTS/lib/</path>
         <kind>archive</kind>
         <file>rts430x_lc_rd_eabi.lib</file>
         <name>int42.obj</name>
      </input_file>
      <input_file id="fl-48">
         <path>/Applications/ti/ccsv7/tools/compiler/ti-cgt-msp430_16.9.1.LTS/lib/</path>
         <kind>archive</kind>
         <file>rts430x_lc_rd_eabi.lib</file>
         <name>int43.obj</name>
      </input_file>
      <input_file id="fl-49">
         <path>/Applications/ti/ccsv7/tools/compiler/ti-cgt-msp430_16.9.1.LTS/lib/</path>
         <kind>archive</kind>
         <file>rts430x_lc_rd_eabi.lib</file>
         <name>int44.obj</name>
      </input_file>
      <input_file id="fl-4a">
         <path>/Applications/ti/ccsv7/tools/compiler/ti-cgt-msp430_16.9.1.LTS/lib/</path>
         <kind>archive</kind>
         <file>rts430x_lc_rd_eabi.lib</file>
         <name>int46.obj</name>
      </input_file>
      <input_file id="fl-4b">
         <path>/Applications/ti/ccsv7/tools/compiler/ti-cgt-msp430_16.9.1.LTS/lib/</path>
         <kind>archive</kind>
         <file>rts430x_lc_rd_eabi.lib</file>
         <name>int47.obj</name>
      </input_file>
      <input_file id="fl-4c">
         <path>/Applications/ti/ccsv7/tools/compiler/ti-cgt-msp430_16.9.1.LTS/lib/</path>
         <kind>archive</kind>
         <file>rts430x_lc_rd_eabi.lib</file>
         <name>int48.obj</name>
      </input_file>
      <input_file id="fl-4d">
         <path>/Applications/ti/ccsv7/tools/compiler/ti-cgt-msp430_16.9.1.LTS/lib/</path>
         <kind>archive</kind>
         <file>rts430x_lc_rd_eabi.lib</file>
         <name>int49.obj</name>
      </input_file>
      <input_file id="fl-4e">
         <path>/Applications/ti/ccsv7/tools/compiler/ti-cgt-msp430_16.9.1.LTS/lib/</path>
         <kind>archive</kind>
         <file>rts430x_lc_rd_eabi.lib</file>
         <name>int50.obj</name>
      </input_file>
      <input_file id="fl-4f">
         <path>/Applications/ti/ccsv7/tools/compiler/ti-cgt-msp430_16.9.1.LTS/lib/</path>
         <kind>archive</kind>
         <file>rts430x_lc_rd_eabi.lib</file>
         <name>int51.obj</name>
      </input_file>
      <input_file id="fl-50">
         <path>/Applications/ti/ccsv7/tools/compiler/ti-cgt-msp430_16.9.1.LTS/lib/</path>
         <kind>archive</kind>
         <file>rts430x_lc_rd_eabi.lib</file>
         <name>int52.obj</name>
      </input_file>
      <input_file id="fl-51">
         <path>/Applications/ti/ccsv7/tools/compiler/ti-cgt-msp430_16.9.1.LTS/lib/</path>
         <kind>archive</kind>
         <file>rts430x_lc_rd_eabi.lib</file>
         <name>int53.obj</name>
      </input_file>
      <input_file id="fl-52">
         <path>/Applications/ti/ccsv7/tools/compiler/ti-cgt-msp430_16.9.1.LTS/lib/</path>
         <kind>archive</kind>
         <file>rts430x_lc_rd_eabi.lib</file>
         <name>int54.obj</name>
      </input_file>
      <input_file id="fl-53">
         <path>/Applications/ti/ccsv7/tools/compiler/ti-cgt-msp430_16.9.1.LTS/lib/</path>
         <kind>archive</kind>
         <file>rts430x_lc_rd_eabi.lib</file>
         <name>copy_zero_init.obj</name>
      </input_file>
      <input_file id="fl-54">
         <path>/Applications/ti/ccsv7/tools/compiler/ti-cgt-msp430_16.9.1.LTS/lib/</path>
         <kind>archive</kind>
         <file>rts430x_lc_rd_eabi.lib</file>
         <name>mult16_f5hw.obj</name>
      </input_file>
      <input_file id="fl-55">
         <path>/Applications/ti/ccsv7/tools/compiler/ti-cgt-msp430_16.9.1.LTS/lib/</path>
         <kind>archive</kind>
         <file>rts430x_lc_rd_eabi.lib</file>
         <name>mult32_f5hw.obj</name>
      </input_file>
      <input_file id="fl-56">
         <path>/Applications/ti/ccsv7/tools/compiler/ti-cgt-msp430_16.9.1.LTS/lib/</path>
         <kind>archive</kind>
         <file>rts430x_lc_rd_eabi.lib</file>
         <name>mult64_f5hw.obj</name>
      </input_file>
      <input_file id="fl-57">
         <path>/Applications/ti/ccsv7/tools/compiler/ti-cgt-msp430_16.9.1.LTS/lib/</path>
         <kind>archive</kind>
         <file>rts430x_lc_rd_eabi.lib</file>
         <name>mult1632_f5hw.obj</name>
      </input_file>
      <input_file id="fl-58">
         <path>/Applications/ti/ccsv7/tools/compiler/ti-cgt-msp430_16.9.1.LTS/lib/</path>
         <kind>archive</kind>
         <file>rts430x_lc_rd_eabi.lib</file>
         <name>mult3264_f5hw.obj</name>
      </input_file>
      <input_file id="fl-59">
         <path>/Applications/ti/ccsv7/tools/compiler/ti-cgt-msp430_16.9.1.LTS/lib/</path>
         <kind>archive</kind>
         <file>rts430x_lc_rd_eabi.lib</file>
         <name>boot.obj</name>
      </input_file>
      <input_file id="fl-5a">
         <path>/Applications/ti/ccsv7/tools/compiler/ti-cgt-msp430_16.9.1.LTS/lib/</path>
         <kind>archive</kind>
         <file>rts430x_lc_rd_eabi.lib</file>
         <name>args_main.obj</name>
      </input_file>
      <input_file id="fl-5b">
         <path>/Applications/ti/ccsv7/tools/compiler/ti-cgt-msp430_16.9.1.LTS/lib/</path>
         <kind>archive</kind>
         <file>rts430x_lc_rd_eabi.lib</file>
         <name>autoinit_wdt.obj</name>
      </input_file>
      <input_file id="fl-5c">
         <path>/Applications/ti/ccsv7/tools/compiler/ti-cgt-msp430_16.9.1.LTS/lib/</path>
         <kind>archive</kind>
         <file>rts430x_lc_rd_eabi.lib</file>
         <name>boot_special.obj</name>
      </input_file>
      <input_file id="fl-5d">
         <path>/Applications/ti/ccsv7/ccs_base/msp430/lib/FR59xx/</path>
         <kind>archive</kind>
         <file>MSPMPU_INIT_LIB_CCS_msp430_large_code_restricted_data.lib</file>
         <name>mpu_init.o</name>
      </input_file>
      <input_file id="fl-5e">
         <path>/Applications/ti/ccsv7/tools/compiler/ti-cgt-msp430_16.9.1.LTS/lib/</path>
         <kind>archive</kind>
         <file>rts430x_lc_rd_eabi.lib</file>
         <name>startup.obj</name>
      </input_file>
      <input_file id="fl-5f">
         <path>/Applications/ti/ccsv7/tools/compiler/ti-cgt-msp430_16.9.1.LTS/lib/</path>
         <kind>archive</kind>
         <file>rts430x_lc_rd_eabi.lib</file>
         <name>pre_init.obj</name>
      </input_file>
      <input_file id="fl-60">
         <path>/Applications/ti/ccsv7/tools/compiler/ti-cgt-msp430_16.9.1.LTS/lib/</path>
         <kind>archive</kind>
         <file>rts430x_lc_rd_eabi.lib</file>
         <name>exit.obj</name>
      </input_file>
      <input_file id="fl-61">
         <path>/Applications/ti/ccsv7/tools/compiler/ti-cgt-msp430_16.9.1.LTS/lib/</path>
         <kind>archive</kind>
         <file>rts430x_lc_rd_eabi.lib</file>
         <name>exit_gvars.obj</name>
      </input_file>
      <input_file id="fl-62">
         <path>/Applications/ti/ccsv7/tools/compiler/ti-cgt-msp430_16.9.1.LTS/lib/</path>
         <kind>archive</kind>
         <file>rts430x_lc_rd_eabi.lib</file>
         <name>_lock.obj</name>
      </input_file>
      <input_file id="fl-63">
         <path>/Applications/ti/ccsv7/tools/compiler/ti-cgt-msp430_16.9.1.LTS/lib/</path>
         <kind>archive</kind>
         <file>rts430x_lc_rd_eabi.lib</file>
         <name>cpy_tbl.obj</name>
      </input_file>
      <input_file id="fl-64">
         <path>/Applications/ti/ccsv7/tools/compiler/ti-cgt-msp430_16.9.1.LTS/lib/</path>
         <kind>archive</kind>
         <file>rts430x_lc_rd_eabi.lib</file>
         <name>mult16.obj</name>
      </input_file>
      <input_file id="fl-65">
         <path>/Applications/ti/ccsv7/tools/compiler/ti-cgt-msp430_16.9.1.LTS/lib/</path>
         <kind>archive</kind>
         <file>rts430x_lc_rd_eabi.lib</file>
         <name>memcpy.obj</name>
      </input_file>
      <input_file id="fl-66">
         <path>/Applications/ti/ccsv7/tools/compiler/ti-cgt-msp430_16.9.1.LTS/lib/</path>
         <kind>archive</kind>
         <file>rts430x_lc_rd_eabi.lib</file>
         <name>printf.obj</name>
      </input_file>
      <input_file id="fl-67">
         <path>/Applications/ti/ccsv7/tools/compiler/ti-cgt-msp430_16.9.1.LTS/lib/</path>
         <kind>archive</kind>
         <file>rts430x_lc_rd_eabi.lib</file>
         <name>_printfi.obj</name>
      </input_file>
      <input_file id="fl-68">
         <path>/Applications/ti/ccsv7/tools/compiler/ti-cgt-msp430_16.9.1.LTS/lib/</path>
         <kind>archive</kind>
         <file>rts430x_lc_rd_eabi.lib</file>
         <name>cmpd.obj</name>
      </input_file>
      <input_file id="fl-69">
         <path>/Applications/ti/ccsv7/tools/compiler/ti-cgt-msp430_16.9.1.LTS/lib/</path>
         <kind>archive</kind>
         <file>rts430x_lc_rd_eabi.lib</file>
         <name>divd.obj</name>
      </input_file>
      <input_file id="fl-6a">
         <path>/Applications/ti/ccsv7/tools/compiler/ti-cgt-msp430_16.9.1.LTS/lib/</path>
         <kind>archive</kind>
         <file>rts430x_lc_rd_eabi.lib</file>
         <name>frcdivd.obj</name>
      </input_file>
      <input_file id="fl-6b">
         <path>/Applications/ti/ccsv7/tools/compiler/ti-cgt-msp430_16.9.1.LTS/lib/</path>
         <kind>archive</kind>
         <file>rts430x_lc_rd_eabi.lib</file>
         <name>div16u.obj</name>
      </input_file>
      <input_file id="fl-6c">
         <path>/Applications/ti/ccsv7/tools/compiler/ti-cgt-msp430_16.9.1.LTS/lib/</path>
         <kind>archive</kind>
         <file>rts430x_lc_rd_eabi.lib</file>
         <name>div32u.obj</name>
      </input_file>
      <input_file id="fl-6d">
         <path>/Applications/ti/ccsv7/tools/compiler/ti-cgt-msp430_16.9.1.LTS/lib/</path>
         <kind>archive</kind>
         <file>rts430x_lc_rd_eabi.lib</file>
         <name>div64u.obj</name>
      </input_file>
      <input_file id="fl-6e">
         <path>/Applications/ti/ccsv7/tools/compiler/ti-cgt-msp430_16.9.1.LTS/lib/</path>
         <kind>archive</kind>
         <file>rts430x_lc_rd_eabi.lib</file>
         <name>fixdi.obj</name>
      </input_file>
      <input_file id="fl-6f">
         <path>/Applications/ti/ccsv7/tools/compiler/ti-cgt-msp430_16.9.1.LTS/lib/</path>
         <kind>archive</kind>
         <file>rts430x_lc_rd_eabi.lib</file>
         <name>fixdli.obj</name>
      </input_file>
      <input_file id="fl-70">
         <path>/Applications/ti/ccsv7/tools/compiler/ti-cgt-msp430_16.9.1.LTS/lib/</path>
         <kind>archive</kind>
         <file>rts430x_lc_rd_eabi.lib</file>
         <name>fltid.obj</name>
      </input_file>
      <input_file id="fl-71">
         <path>/Applications/ti/ccsv7/tools/compiler/ti-cgt-msp430_16.9.1.LTS/lib/</path>
         <kind>archive</kind>
         <file>rts430x_lc_rd_eabi.lib</file>
         <name>fltlid.obj</name>
      </input_file>
      <input_file id="fl-72">
         <path>/Applications/ti/ccsv7/tools/compiler/ti-cgt-msp430_16.9.1.LTS/lib/</path>
         <kind>archive</kind>
         <file>rts430x_lc_rd_eabi.lib</file>
         <name>mpyd.obj</name>
      </input_file>
      <input_file id="fl-73">
         <path>/Applications/ti/ccsv7/tools/compiler/ti-cgt-msp430_16.9.1.LTS/lib/</path>
         <kind>archive</kind>
         <file>rts430x_lc_rd_eabi.lib</file>
         <name>frcmpyd.obj</name>
      </input_file>
      <input_file id="fl-74">
         <path>/Applications/ti/ccsv7/tools/compiler/ti-cgt-msp430_16.9.1.LTS/lib/</path>
         <kind>archive</kind>
         <file>rts430x_lc_rd_eabi.lib</file>
         <name>mult32.obj</name>
      </input_file>
      <input_file id="fl-75">
         <path>/Applications/ti/ccsv7/tools/compiler/ti-cgt-msp430_16.9.1.LTS/lib/</path>
         <kind>archive</kind>
         <file>rts430x_lc_rd_eabi.lib</file>
         <name>negd.obj</name>
      </input_file>
      <input_file id="fl-76">
         <path>/Applications/ti/ccsv7/tools/compiler/ti-cgt-msp430_16.9.1.LTS/lib/</path>
         <kind>archive</kind>
         <file>rts430x_lc_rd_eabi.lib</file>
         <name>lsl32.obj</name>
      </input_file>
      <input_file id="fl-77">
         <path>/Applications/ti/ccsv7/tools/compiler/ti-cgt-msp430_16.9.1.LTS/lib/</path>
         <kind>archive</kind>
         <file>rts430x_lc_rd_eabi.lib</file>
         <name>lsl64.obj</name>
      </input_file>
      <input_file id="fl-78">
         <path>/Applications/ti/ccsv7/tools/compiler/ti-cgt-msp430_16.9.1.LTS/lib/</path>
         <kind>archive</kind>
         <file>rts430x_lc_rd_eabi.lib</file>
         <name>asr32.obj</name>
      </input_file>
      <input_file id="fl-79">
         <path>/Applications/ti/ccsv7/tools/compiler/ti-cgt-msp430_16.9.1.LTS/lib/</path>
         <kind>archive</kind>
         <file>rts430x_lc_rd_eabi.lib</file>
         <name>lsr32.obj</name>
      </input_file>
      <input_file id="fl-7a">
         <path>/Applications/ti/ccsv7/tools/compiler/ti-cgt-msp430_16.9.1.LTS/lib/</path>
         <kind>archive</kind>
         <file>rts430x_lc_rd_eabi.lib</file>
         <name>lsr64.obj</name>
      </input_file>
      <input_file id="fl-7b">
         <path>/Applications/ti/ccsv7/tools/compiler/ti-cgt-msp430_16.9.1.LTS/lib/</path>
         <kind>archive</kind>
         <file>rts430x_lc_rd_eabi.lib</file>
         <name>subd.obj</name>
      </input_file>
      <input_file id="fl-7c">
         <path>/Applications/ti/ccsv7/tools/compiler/ti-cgt-msp430_16.9.1.LTS/lib/</path>
         <kind>archive</kind>
         <file>rts430x_lc_rd_eabi.lib</file>
         <name>addd.obj</name>
      </input_file>
      <input_file id="fl-7d">
         <path>/Applications/ti/ccsv7/tools/compiler/ti-cgt-msp430_16.9.1.LTS/lib/</path>
         <kind>archive</kind>
         <file>rts430x_lc_rd_eabi.lib</file>
         <name>frcaddd.obj</name>
      </input_file>
      <input_file id="fl-7e">
         <path>/Applications/ti/ccsv7/tools/compiler/ti-cgt-msp430_16.9.1.LTS/lib/</path>
         <kind>archive</kind>
         <file>rts430x_lc_rd_eabi.lib</file>
         <name>renormd.obj</name>
      </input_file>
      <input_file id="fl-7f">
         <path>/Applications/ti/ccsv7/tools/compiler/ti-cgt-msp430_16.9.1.LTS/lib/</path>
         <kind>archive</kind>
         <file>rts430x_lc_rd_eabi.lib</file>
         <name>defs.obj</name>
      </input_file>
      <input_file id="fl-80">
         <path>/Applications/ti/ccsv7/tools/compiler/ti-cgt-msp430_16.9.1.LTS/lib/</path>
         <kind>archive</kind>
         <file>rts430x_lc_rd_eabi.lib</file>
         <name>abs.obj</name>
      </input_file>
      <input_file id="fl-81">
         <path>/Applications/ti/ccsv7/tools/compiler/ti-cgt-msp430_16.9.1.LTS/lib/</path>
         <kind>archive</kind>
         <file>rts430x_lc_rd_eabi.lib</file>
         <name>atoi.obj</name>
      </input_file>
      <input_file id="fl-82">
         <path>/Applications/ti/ccsv7/tools/compiler/ti-cgt-msp430_16.9.1.LTS/lib/</path>
         <kind>archive</kind>
         <file>rts430x_lc_rd_eabi.lib</file>
         <name>ctype.obj</name>
      </input_file>
      <input_file id="fl-83">
         <path>/Applications/ti/ccsv7/tools/compiler/ti-cgt-msp430_16.9.1.LTS/lib/</path>
         <kind>archive</kind>
         <file>rts430x_lc_rd_eabi.lib</file>
         <name>fputc.obj</name>
      </input_file>
      <input_file id="fl-84">
         <path>/Applications/ti/ccsv7/tools/compiler/ti-cgt-msp430_16.9.1.LTS/lib/</path>
         <kind>archive</kind>
         <file>rts430x_lc_rd_eabi.lib</file>
         <name>fflush.obj</name>
      </input_file>
      <input_file id="fl-85">
         <path>/Applications/ti/ccsv7/tools/compiler/ti-cgt-msp430_16.9.1.LTS/lib/</path>
         <kind>archive</kind>
         <file>rts430x_lc_rd_eabi.lib</file>
         <name>_io_perm.obj</name>
      </input_file>
      <input_file id="fl-86">
         <path>/Applications/ti/ccsv7/tools/compiler/ti-cgt-msp430_16.9.1.LTS/lib/</path>
         <kind>archive</kind>
         <file>rts430x_lc_rd_eabi.lib</file>
         <name>fputs.obj</name>
      </input_file>
      <input_file id="fl-87">
         <path>/Applications/ti/ccsv7/tools/compiler/ti-cgt-msp430_16.9.1.LTS/lib/</path>
         <kind>archive</kind>
         <file>rts430x_lc_rd_eabi.lib</file>
         <name>s_frexp.obj</name>
      </input_file>
      <input_file id="fl-88">
         <path>/Applications/ti/ccsv7/tools/compiler/ti-cgt-msp430_16.9.1.LTS/lib/</path>
         <kind>archive</kind>
         <file>rts430x_lc_rd_eabi.lib</file>
         <name>fseek.obj</name>
      </input_file>
      <input_file id="fl-89">
         <path>/Applications/ti/ccsv7/tools/compiler/ti-cgt-msp430_16.9.1.LTS/lib/</path>
         <kind>archive</kind>
         <file>rts430x_lc_rd_eabi.lib</file>
         <name>s_scalbn.obj</name>
      </input_file>
      <input_file id="fl-8a">
         <path>/Applications/ti/ccsv7/tools/compiler/ti-cgt-msp430_16.9.1.LTS/lib/</path>
         <kind>archive</kind>
         <file>rts430x_lc_rd_eabi.lib</file>
         <name>s_copysign.obj</name>
      </input_file>
      <input_file id="fl-8b">
         <path>/Applications/ti/ccsv7/tools/compiler/ti-cgt-msp430_16.9.1.LTS/lib/</path>
         <kind>archive</kind>
         <file>rts430x_lc_rd_eabi.lib</file>
         <name>errno.obj</name>
      </input_file>
      <input_file id="fl-8c">
         <path>/Applications/ti/ccsv7/tools/compiler/ti-cgt-msp430_16.9.1.LTS/lib/</path>
         <kind>archive</kind>
         <file>rts430x_lc_rd_eabi.lib</file>
         <name>lowlev.obj</name>
      </input_file>
      <input_file id="fl-8d">
         <path>/Applications/ti/ccsv7/tools/compiler/ti-cgt-msp430_16.9.1.LTS/lib/</path>
         <kind>archive</kind>
         <file>rts430x_lc_rd_eabi.lib</file>
         <name>trgdrv.obj</name>
      </input_file>
      <input_file id="fl-8e">
         <path>/Applications/ti/ccsv7/tools/compiler/ti-cgt-msp430_16.9.1.LTS/lib/</path>
         <kind>archive</kind>
         <file>rts430x_lc_rd_eabi.lib</file>
         <name>trgmsg.obj</name>
      </input_file>
      <input_file id="fl-8f">
         <path>/Applications/ti/ccsv7/tools/compiler/ti-cgt-msp430_16.9.1.LTS/lib/</path>
         <kind>archive</kind>
         <file>rts430x_lc_rd_eabi.lib</file>
         <name>div16s.obj</name>
      </input_file>
      <input_file id="fl-90">
         <path>/Applications/ti/ccsv7/tools/compiler/ti-cgt-msp430_16.9.1.LTS/lib/</path>
         <kind>archive</kind>
         <file>rts430x_lc_rd_eabi.lib</file>
         <name>ltoa.obj</name>
      </input_file>
      <input_file id="fl-91">
         <path>/Applications/ti/ccsv7/tools/compiler/ti-cgt-msp430_16.9.1.LTS/lib/</path>
         <kind>archive</kind>
         <file>rts430x_lc_rd_eabi.lib</file>
         <name>div32s.obj</name>
      </input_file>
      <input_file id="fl-92">
         <path>/Applications/ti/ccsv7/tools/compiler/ti-cgt-msp430_16.9.1.LTS/lib/</path>
         <kind>archive</kind>
         <file>rts430x_lc_rd_eabi.lib</file>
         <name>memccpy.obj</name>
      </input_file>
      <input_file id="fl-93">
         <path>/Applications/ti/ccsv7/tools/compiler/ti-cgt-msp430_16.9.1.LTS/lib/</path>
         <kind>archive</kind>
         <file>rts430x_lc_rd_eabi.lib</file>
         <name>memchr.obj</name>
      </input_file>
      <input_file id="fl-94">
         <path>/Applications/ti/ccsv7/tools/compiler/ti-cgt-msp430_16.9.1.LTS/lib/</path>
         <kind>archive</kind>
         <file>rts430x_lc_rd_eabi.lib</file>
         <name>memset.obj</name>
      </input_file>
      <input_file id="fl-95">
         <path>/Applications/ti/ccsv7/tools/compiler/ti-cgt-msp430_16.9.1.LTS/lib/</path>
         <kind>archive</kind>
         <file>rts430x_lc_rd_eabi.lib</file>
         <name>setvbuf.obj</name>
      </input_file>
      <input_file id="fl-96">
         <path>/Applications/ti/ccsv7/tools/compiler/ti-cgt-msp430_16.9.1.LTS/lib/</path>
         <kind>archive</kind>
         <file>rts430x_lc_rd_eabi.lib</file>
         <name>fopen.obj</name>
      </input_file>
      <input_file id="fl-97">
         <path>/Applications/ti/ccsv7/tools/compiler/ti-cgt-msp430_16.9.1.LTS/lib/</path>
         <kind>archive</kind>
         <file>rts430x_lc_rd_eabi.lib</file>
         <name>fclose.obj</name>
      </input_file>
      <input_file id="fl-98">
         <path>/Applications/ti/ccsv7/tools/compiler/ti-cgt-msp430_16.9.1.LTS/lib/</path>
         <kind>archive</kind>
         <file>rts430x_lc_rd_eabi.lib</file>
         <name>memory.obj</name>
      </input_file>
      <input_file id="fl-99">
         <path>/Applications/ti/ccsv7/tools/compiler/ti-cgt-msp430_16.9.1.LTS/lib/</path>
         <kind>archive</kind>
         <file>rts430x_lc_rd_eabi.lib</file>
         <name>remove.obj</name>
      </input_file>
      <input_file id="fl-9a">
         <path>/Applications/ti/ccsv7/tools/compiler/ti-cgt-msp430_16.9.1.LTS/lib/</path>
         <kind>archive</kind>
         <file>rts430x_lc_rd_eabi.lib</file>
         <name>strchr.obj</name>
      </input_file>
      <input_file id="fl-9b">
         <path>/Applications/ti/ccsv7/tools/compiler/ti-cgt-msp430_16.9.1.LTS/lib/</path>
         <kind>archive</kind>
         <file>rts430x_lc_rd_eabi.lib</file>
         <name>strcmp.obj</name>
      </input_file>
      <input_file id="fl-9c">
         <path>/Applications/ti/ccsv7/tools/compiler/ti-cgt-msp430_16.9.1.LTS/lib/</path>
         <kind>archive</kind>
         <file>rts430x_lc_rd_eabi.lib</file>
         <name>strcpy.obj</name>
      </input_file>
      <input_file id="fl-9d">
         <path>/Applications/ti/ccsv7/tools/compiler/ti-cgt-msp430_16.9.1.LTS/lib/</path>
         <kind>archive</kind>
         <file>rts430x_lc_rd_eabi.lib</file>
         <name>strlen.obj</name>
      </input_file>
      <input_file id="fl-9e">
         <path>/Applications/ti/ccsv7/tools/compiler/ti-cgt-msp430_16.9.1.LTS/lib/</path>
         <kind>archive</kind>
         <file>rts430x_lc_rd_eabi.lib</file>
         <name>strncpy.obj</name>
      </input_file>
      <input_file id="fl-9f">
         <path>/Applications/ti/ccsv7/tools/compiler/ti-cgt-msp430_16.9.1.LTS/lib/</path>
         <kind>archive</kind>
         <file>rts430x_lc_rd_eabi.lib</file>
         <name>toupper.obj</name>
      </input_file>
   </input_file_list>
   <object_component_list>
      <object_component id="oc-afe">
         <name>.cio</name>
         <uninitialized>true</uninitialized>
         <run_address>0x4000</run_address>
         <size>0x120</size>
         <input_file_ref idref="fl-8e"/>
      </object_component>
      <object_component id="oc-6df">
         <name>.sysmem</name>
         <uninitialized>true</uninitialized>
         <run_address>0x4120</run_address>
         <size>0x6</size>
         <input_file_ref idref="fl-98"/>
      </object_component>
      <object_component id="oc-bd0">
         <name>.sysmem</name>
         <uninitialized>true</uninitialized>
         <run_address>0x4120</run_address>
         <size>0x0</size>
      </object_component>
      <object_component id="oc-bce">
         <name>.cinit..data.load</name>
         <load_address>0x45a4</load_address>
         <run_address>0x45a4</run_address>
         <size>0x68</size>
      </object_component>
      <object_component id="oc-bcb">
         <name>__TI_handler_table</name>
         <load_address>0x460c</load_address>
         <run_address>0x460c</run_address>
         <size>0xc</size>
      </object_component>
      <object_component id="oc-bcd">
         <name>.cinit..bss.load</name>
         <load_address>0x4618</load_address>
         <run_address>0x4618</run_address>
         <size>0x6</size>
      </object_component>
      <object_component id="oc-bcc">
         <name>__TI_cinit_table</name>
         <load_address>0x461e</load_address>
         <run_address>0x461e</run_address>
         <size>0x10</size>
      </object_component>
      <object_component id="oc-b62">
         <name>.binit</name>
         <load_address>0x4000</load_address>
         <run_address>0x4000</run_address>
         <size>0x0</size>
      </object_component>
      <object_component id="oc-6ff">
         <name>.text:_isr:Timer0_A0_ISR</name>
         <load_address>0x4400</load_address>
         <run_address>0x4400</run_address>
         <size>0x40</size>
         <input_file_ref idref="fl-2"/>
      </object_component>
      <object_component id="oc-cd">
         <name>.text:_isr:_c_int00_noargs_mpu</name>
         <load_address>0x4440</load_address>
         <run_address>0x4440</run_address>
         <size>0x20</size>
         <input_file_ref idref="fl-5c"/>
      </object_component>
      <object_component id="oc-6fa">
         <name>.text:_isr:__TI_ISR_TRAP</name>
         <load_address>0x4460</load_address>
         <run_address>0x4460</run_address>
         <size>0x8</size>
         <input_file_ref idref="fl-2f"/>
      </object_component>
      <object_component id="oc-8e5">
         <name>.const:.string:_ctypes_</name>
         <load_address>0x4468</load_address>
         <run_address>0x4468</run_address>
         <size>0x101</size>
         <input_file_ref idref="fl-82"/>
      </object_component>
      <object_component id="oc-8ac">
         <name>.const:.string</name>
         <load_address>0x456a</load_address>
         <run_address>0x456a</run_address>
         <size>0x26</size>
         <input_file_ref idref="fl-67"/>
      </object_component>
      <object_component id="oc-7b7">
         <name>.const:.string</name>
         <load_address>0x4590</load_address>
         <run_address>0x4590</run_address>
         <size>0xc</size>
         <input_file_ref idref="fl-2"/>
      </object_component>
      <object_component id="oc-814">
         <name>.const:.string</name>
         <load_address>0x459c</load_address>
         <run_address>0x459c</run_address>
         <size>0x8</size>
         <input_file_ref idref="fl-3"/>
      </object_component>
      <object_component id="oc-a5a">
         <name>.text:__TI_frcdivd</name>
         <load_address>0x10000</load_address>
         <run_address>0x10000</run_address>
         <size>0x478</size>
         <input_file_ref idref="fl-6a"/>
      </object_component>
      <object_component id="oc-96b">
         <name>.text:__mspabi_divull</name>
         <load_address>0x10478</load_address>
         <run_address>0x10478</run_address>
         <size>0x34e</size>
         <input_file_ref idref="fl-6d"/>
      </object_component>
      <object_component id="oc-acb">
         <name>.text:__mspabi_addd</name>
         <load_address>0x107c6</load_address>
         <run_address>0x107c6</run_address>
         <size>0x2d8</size>
         <input_file_ref idref="fl-7c"/>
      </object_component>
      <object_component id="oc-a52">
         <name>.text:__TI_frcmpyd</name>
         <load_address>0x10a9e</load_address>
         <run_address>0x10a9e</run_address>
         <size>0x286</size>
         <input_file_ref idref="fl-73"/>
      </object_component>
      <object_component id="oc-9aa">
         <name>.text:__mspabi_mpyd</name>
         <load_address>0x10d24</load_address>
         <run_address>0x10d24</run_address>
         <size>0x282</size>
         <input_file_ref idref="fl-72"/>
      </object_component>
      <object_component id="oc-8b3">
         <name>.text:_pproc_fgea</name>
         <load_address>0x10fa6</load_address>
         <run_address>0x10fa6</run_address>
         <size>0x260</size>
         <input_file_ref idref="fl-67"/>
      </object_component>
      <object_component id="oc-860">
         <name>.text:_setfield</name>
         <load_address>0x11206</load_address>
         <run_address>0x11206</run_address>
         <size>0x25e</size>
         <input_file_ref idref="fl-67"/>
      </object_component>
      <object_component id="oc-b10">
         <name>.text:__TI_frcaddd</name>
         <load_address>0x11464</load_address>
         <run_address>0x11464</run_address>
         <size>0x252</size>
         <input_file_ref idref="fl-7d"/>
      </object_component>
      <object_component id="oc-828">
         <name>.text:__TI_printfi</name>
         <load_address>0x116b6</load_address>
         <run_address>0x116b6</run_address>
         <size>0x23c</size>
         <input_file_ref idref="fl-67"/>
      </object_component>
      <object_component id="oc-9bd">
         <name>.text:acvt</name>
         <load_address>0x118f2</load_address>
         <run_address>0x118f2</run_address>
         <size>0x224</size>
         <input_file_ref idref="fl-67"/>
      </object_component>
      <object_component id="oc-9b0">
         <name>.text:__mspabi_divd</name>
         <load_address>0x11b16</load_address>
         <run_address>0x11b16</run_address>
         <size>0x222</size>
         <input_file_ref idref="fl-69"/>
      </object_component>
      <object_component id="oc-7a7">
         <name>.text:ir_tick</name>
         <load_address>0x11d38</load_address>
         <run_address>0x11d38</run_address>
         <size>0x21a</size>
         <input_file_ref idref="fl-3"/>
      </object_component>
      <object_component id="oc-98a">
         <name>.text:ecvt</name>
         <load_address>0x11f52</load_address>
         <run_address>0x11f52</run_address>
         <size>0x210</size>
         <input_file_ref idref="fl-67"/>
      </object_component>
      <object_component id="oc-99d">
         <name>.text:fcvt</name>
         <load_address>0x12162</load_address>
         <run_address>0x12162</run_address>
         <size>0x1fe</size>
         <input_file_ref idref="fl-67"/>
      </object_component>
      <object_component id="oc-916">
         <name>.text:_pconv_e</name>
         <load_address>0x12360</load_address>
         <run_address>0x12360</run_address>
         <size>0x1a4</size>
         <input_file_ref idref="fl-67"/>
      </object_component>
      <object_component id="oc-a69">
         <name>.text:scalbn</name>
         <load_address>0x12504</load_address>
         <run_address>0x12504</run_address>
         <size>0x1a0</size>
         <input_file_ref idref="fl-89"/>
      </object_component>
      <object_component id="oc-8ec">
         <name>.text:_getarg_diouxp</name>
         <load_address>0x126a4</load_address>
         <run_address>0x126a4</run_address>
         <size>0x188</size>
         <input_file_ref idref="fl-67"/>
      </object_component>
      <object_component id="oc-91c">
         <name>.text:_pconv_a</name>
         <load_address>0x1282c</load_address>
         <run_address>0x1282c</run_address>
         <size>0x170</size>
         <input_file_ref idref="fl-67"/>
      </object_component>
      <object_component id="oc-8ad">
         <name>.text:_pproc_diouxp</name>
         <load_address>0x1299c</load_address>
         <run_address>0x1299c</run_address>
         <size>0x148</size>
         <input_file_ref idref="fl-67"/>
      </object_component>
      <object_component id="oc-8f2">
         <name>.text:_ltostr</name>
         <load_address>0x12ae4</load_address>
         <run_address>0x12ae4</run_address>
         <size>0x12a</size>
         <input_file_ref idref="fl-67"/>
      </object_component>
      <object_component id="oc-90a">
         <name>.text:_pconv_g</name>
         <load_address>0x12c0e</load_address>
         <run_address>0x12c0e</run_address>
         <size>0xfc</size>
         <input_file_ref idref="fl-67"/>
      </object_component>
      <object_component id="oc-85a">
         <name>.text:_pproc_fwp</name>
         <load_address>0x12d0a</load_address>
         <run_address>0x12d0a</run_address>
         <size>0xfa</size>
         <input_file_ref idref="fl-67"/>
      </object_component>
      <object_component id="oc-846">
         <name>.text:fputs</name>
         <load_address>0x12e04</load_address>
         <run_address>0x12e04</run_address>
         <size>0xf0</size>
         <input_file_ref idref="fl-86"/>
      </object_component>
      <object_component id="oc-8ce">
         <name>.text:setvbuf</name>
         <load_address>0x12ef4</load_address>
         <run_address>0x12ef4</run_address>
         <size>0xe0</size>
         <input_file_ref idref="fl-95"/>
      </object_component>
      <object_component id="oc-922">
         <name>.text:__mspabi_cmpd</name>
         <load_address>0x12fd4</load_address>
         <run_address>0x12fd4</run_address>
         <size>0xd8</size>
         <input_file_ref idref="fl-68"/>
      </object_component>
      <object_component id="oc-72c">
         <name>.text:main</name>
         <load_address>0x130ac</load_address>
         <run_address>0x130ac</run_address>
         <size>0xc0</size>
         <input_file_ref idref="fl-2"/>
      </object_component>
      <object_component id="oc-939">
         <name>.text:malloc</name>
         <load_address>0x1316c</load_address>
         <run_address>0x1316c</run_address>
         <size>0xbc</size>
         <input_file_ref idref="fl-98"/>
      </object_component>
      <object_component id="oc-a01">
         <name>.text:HOSTlseek</name>
         <load_address>0x13228</load_address>
         <run_address>0x13228</run_address>
         <size>0xb4</size>
         <input_file_ref idref="fl-8d"/>
      </object_component>
      <object_component id="oc-b41">
         <name>.text:__TI_renormd</name>
         <load_address>0x132dc</load_address>
         <run_address>0x132dc</run_address>
         <size>0xb2</size>
         <input_file_ref idref="fl-7e"/>
      </object_component>
      <object_component id="oc-9b7">
         <name>.text:frexp</name>
         <load_address>0x1338e</load_address>
         <run_address>0x1338e</run_address>
         <size>0xb2</size>
         <input_file_ref idref="fl-87"/>
      </object_component>
      <object_component id="oc-866">
         <name>.text:_pproc_str</name>
         <load_address>0x13440</load_address>
         <run_address>0x13440</run_address>
         <size>0xa6</size>
         <input_file_ref idref="fl-67"/>
      </object_component>
      <object_component id="oc-a2f">
         <name>.text:__mspabi_fltlid</name>
         <load_address>0x134e6</load_address>
         <run_address>0x134e6</run_address>
         <size>0x9e</size>
         <input_file_ref idref="fl-71"/>
      </object_component>
      <object_component id="oc-990">
         <name>.text:_ecpy</name>
         <load_address>0x13584</load_address>
         <run_address>0x13584</run_address>
         <size>0x90</size>
         <input_file_ref idref="fl-67"/>
      </object_component>
      <object_component id="oc-996">
         <name>.text:_mcpy</name>
         <load_address>0x13614</load_address>
         <run_address>0x13614</run_address>
         <size>0x90</size>
         <input_file_ref idref="fl-67"/>
      </object_component>
      <object_component id="oc-84d">
         <name>.text:fputc</name>
         <load_address>0x136a4</load_address>
         <run_address>0x136a4</run_address>
         <size>0x90</size>
         <input_file_ref idref="fl-83"/>
      </object_component>
      <object_component id="oc-933">
         <name>.text:free</name>
         <load_address>0x13734</load_address>
         <run_address>0x13734</run_address>
         <size>0x8e</size>
         <input_file_ref idref="fl-98"/>
      </object_component>
      <object_component id="oc-712">
         <name>.text:_auto_init_hold_wdt</name>
         <load_address>0x137c2</load_address>
         <run_address>0x137c2</run_address>
         <size>0x82</size>
         <input_file_ref idref="fl-5b"/>
      </object_component>
      <object_component id="oc-a29">
         <name>.text:ltoa</name>
         <load_address>0x13844</load_address>
         <run_address>0x13844</run_address>
         <size>0x80</size>
         <input_file_ref idref="fl-90"/>
      </object_component>
      <object_component id="oc-881">
         <name>.text:__TI_wrt_ok</name>
         <load_address>0x138c4</load_address>
         <run_address>0x138c4</run_address>
         <size>0x7e</size>
         <input_file_ref idref="fl-85"/>
      </object_component>
      <object_component id="oc-910">
         <name>.text:_pconv_f</name>
         <load_address>0x13942</load_address>
         <run_address>0x13942</run_address>
         <size>0x78</size>
         <input_file_ref idref="fl-67"/>
      </object_component>
      <object_component id="oc-84">
         <name>.text:decompress:lzss:__TI_decompress_lzss</name>
         <load_address>0x139ba</load_address>
         <run_address>0x139ba</run_address>
         <size>0x78</size>
         <input_file_ref idref="fl-2c"/>
      </object_component>
      <object_component id="oc-a0d">
         <name>.text:HOSTrename</name>
         <load_address>0x13a32</load_address>
         <run_address>0x13a32</run_address>
         <size>0x74</size>
         <input_file_ref idref="fl-8d"/>
      </object_component>
      <object_component id="oc-9e9">
         <name>.text:HOSTopen</name>
         <load_address>0x13aa6</load_address>
         <run_address>0x13aa6</run_address>
         <size>0x70</size>
         <input_file_ref idref="fl-8d"/>
      </object_component>
      <object_component id="oc-9dd">
         <name>.text:__TI_closefile</name>
         <load_address>0x13b16</load_address>
         <run_address>0x13b16</run_address>
         <size>0x70</size>
         <input_file_ref idref="fl-97"/>
      </object_component>
      <object_component id="oc-9fb">
         <name>.text:HOSTwrite</name>
         <load_address>0x13b86</load_address>
         <run_address>0x13b86</run_address>
         <size>0x6c</size>
         <input_file_ref idref="fl-8d"/>
      </object_component>
      <object_component id="oc-9f5">
         <name>.text:HOSTread</name>
         <load_address>0x13bf2</load_address>
         <run_address>0x13bf2</run_address>
         <size>0x6a</size>
         <input_file_ref idref="fl-8d"/>
      </object_component>
      <object_component id="oc-8c8">
         <name>.text:fseek</name>
         <load_address>0x13c5c</load_address>
         <run_address>0x13c5c</run_address>
         <size>0x6a</size>
         <input_file_ref idref="fl-88"/>
      </object_component>
      <object_component id="oc-a41">
         <name>.text:__mspabi_fixdli</name>
         <load_address>0x13cc6</load_address>
         <run_address>0x13cc6</run_address>
         <size>0x66</size>
         <input_file_ref idref="fl-6f"/>
      </object_component>
      <object_component id="oc-76c">
         <name>.text:copy_in</name>
         <load_address>0x13d2c</load_address>
         <run_address>0x13d2c</run_address>
         <size>0x66</size>
         <input_file_ref idref="fl-63"/>
      </object_component>
      <object_component id="oc-88d">
         <name>.text:__TI_doflush</name>
         <load_address>0x13d92</load_address>
         <run_address>0x13d92</run_address>
         <size>0x64</size>
         <input_file_ref idref="fl-84"/>
      </object_component>
      <object_component id="oc-89f">
         <name>.text:atoi</name>
         <load_address>0x13df6</load_address>
         <run_address>0x13df6</run_address>
         <size>0x62</size>
         <input_file_ref idref="fl-81"/>
      </object_component>
      <object_component id="oc-a81">
         <name>.text:close</name>
         <load_address>0x13e58</load_address>
         <run_address>0x13e58</run_address>
         <size>0x5a</size>
         <input_file_ref idref="fl-8c"/>
      </object_component>
      <object_component id="oc-af3">
         <name>.text:getdevice</name>
         <load_address>0x13eb2</load_address>
         <run_address>0x13eb2</run_address>
         <size>0x5a</size>
         <input_file_ref idref="fl-8c"/>
      </object_component>
      <object_component id="oc-971">
         <name>.text</name>
         <load_address>0x13f0c</load_address>
         <run_address>0x13f0c</run_address>
         <size>0x58</size>
         <input_file_ref idref="fl-6c"/>
      </object_component>
      <object_component id="oc-9ef">
         <name>.text:HOSTclose</name>
         <load_address>0x13f64</load_address>
         <run_address>0x13f64</run_address>
         <size>0x4e</size>
         <input_file_ref idref="fl-8d"/>
      </object_component>
      <object_component id="oc-9a3">
         <name>.text:_fcpy</name>
         <load_address>0x13fb2</load_address>
         <run_address>0x13fb2</run_address>
         <size>0x4e</size>
         <input_file_ref idref="fl-67"/>
      </object_component>
      <object_component id="oc-71e">
         <name>.text:exit</name>
         <load_address>0x14000</load_address>
         <run_address>0x14000</run_address>
         <size>0x4a</size>
         <input_file_ref idref="fl-60"/>
      </object_component>
      <object_component id="oc-7b8">
         <name>.text:printf</name>
         <load_address>0x1404a</load_address>
         <run_address>0x1404a</run_address>
         <size>0x4a</size>
         <input_file_ref idref="fl-66"/>
      </object_component>
      <object_component id="oc-a07">
         <name>.text:HOSTunlink</name>
         <load_address>0x14094</load_address>
         <run_address>0x14094</run_address>
         <size>0x46</size>
         <input_file_ref idref="fl-8d"/>
      </object_component>
      <object_component id="oc-9d6">
         <name>.text:minit</name>
         <load_address>0x140da</load_address>
         <run_address>0x140da</run_address>
         <size>0x42</size>
         <input_file_ref idref="fl-98"/>
      </object_component>
      <object_component id="oc-abd">
         <name>.text</name>
         <load_address>0x1411c</load_address>
         <run_address>0x1411c</run_address>
         <size>0x40</size>
         <input_file_ref idref="fl-91"/>
      </object_component>
      <object_component id="oc-aa6">
         <name>.text:l_asr_const</name>
         <load_address>0x1415c</load_address>
         <run_address>0x1415c</run_address>
         <size>0x3e</size>
         <input_file_ref idref="fl-78"/>
      </object_component>
      <object_component id="oc-aab">
         <name>.text:l_lsl_const</name>
         <load_address>0x1419a</load_address>
         <run_address>0x1419a</run_address>
         <size>0x3e</size>
         <input_file_ref idref="fl-76"/>
      </object_component>
      <object_component id="oc-ac4">
         <name>.text:l_lsr_const</name>
         <load_address>0x141d8</load_address>
         <run_address>0x141d8</run_address>
         <size>0x3e</size>
         <input_file_ref idref="fl-79"/>
      </object_component>
      <object_component id="oc-92b">
         <name>.text:lseek</name>
         <load_address>0x14216</load_address>
         <run_address>0x14216</run_address>
         <size>0x3e</size>
         <input_file_ref idref="fl-8c"/>
      </object_component>
      <object_component id="oc-893">
         <name>.text:write</name>
         <load_address>0x14254</load_address>
         <run_address>0x14254</run_address>
         <size>0x3c</size>
         <input_file_ref idref="fl-8c"/>
      </object_component>
      <object_component id="oc-a17">
         <name>.text:__mspabi_sllll</name>
         <load_address>0x14290</load_address>
         <run_address>0x14290</run_address>
         <size>0x3a</size>
         <input_file_ref idref="fl-77"/>
      </object_component>
      <object_component id="oc-97b">
         <name>.text:__mspabi_srlll</name>
         <load_address>0x142ca</load_address>
         <run_address>0x142ca</run_address>
         <size>0x3a</size>
         <input_file_ref idref="fl-7a"/>
      </object_component>
      <object_component id="oc-93f">
         <name>.text:__TI_cleanup</name>
         <load_address>0x14304</load_address>
         <run_address>0x14304</run_address>
         <size>0x36</size>
         <input_file_ref idref="fl-96"/>
      </object_component>
      <object_component id="oc-a95">
         <name>.text:__TI_writemsg</name>
         <load_address>0x1433a</load_address>
         <run_address>0x1433a</run_address>
         <size>0x36</size>
         <input_file_ref idref="fl-8e"/>
      </object_component>
      <object_component id="oc-a9b">
         <name>.text:__TI_readmsg</name>
         <load_address>0x14370</load_address>
         <run_address>0x14370</run_address>
         <size>0x32</size>
         <input_file_ref idref="fl-8e"/>
      </object_component>
      <object_component id="oc-a35">
         <name>.text:__mspabi_subd</name>
         <load_address>0x143a2</load_address>
         <run_address>0x143a2</run_address>
         <size>0x32</size>
         <input_file_ref idref="fl-7b"/>
      </object_component>
      <object_component id="oc-b24">
         <name>.text:strncpy</name>
         <load_address>0x143d4</load_address>
         <run_address>0x143d4</run_address>
         <size>0x32</size>
         <input_file_ref idref="fl-9e"/>
      </object_component>
      <object_component id="oc-a88">
         <name>.text:unlink</name>
         <load_address>0x14406</load_address>
         <run_address>0x14406</run_address>
         <size>0x30</size>
         <input_file_ref idref="fl-8c"/>
      </object_component>
      <object_component id="oc-904">
         <name>.text:__mspabi_negd</name>
         <load_address>0x14436</load_address>
         <run_address>0x14436</run_address>
         <size>0x2e</size>
         <input_file_ref idref="fl-75"/>
      </object_component>
      <object_component id="oc-ae7">
         <name>.text:copysign</name>
         <load_address>0x14464</load_address>
         <run_address>0x14464</run_address>
         <size>0x2e</size>
         <input_file_ref idref="fl-8a"/>
      </object_component>
      <object_component id="oc-b2a">
         <name>.text:finddevice</name>
         <load_address>0x14492</load_address>
         <run_address>0x14492</run_address>
         <size>0x2e</size>
         <input_file_ref idref="fl-8c"/>
      </object_component>
      <object_component id="oc-79f">
         <name>.text:ir_init</name>
         <load_address>0x144c0</load_address>
         <run_address>0x144c0</run_address>
         <size>0x2e</size>
         <input_file_ref idref="fl-3"/>
      </object_component>
      <object_component id="oc-725">
         <name>.text:__mpu_init</name>
         <load_address>0x144ee</load_address>
         <run_address>0x144ee</run_address>
         <size>0x2c</size>
         <input_file_ref idref="fl-5d"/>
      </object_component>
      <object_component id="oc-799">
         <name>.text:timer_init</name>
         <load_address>0x1451a</load_address>
         <run_address>0x1451a</run_address>
         <size>0x2a</size>
         <input_file_ref idref="fl-4"/>
      </object_component>
      <object_component id="oc-a3b">
         <name>.text:__mspabi_fixdi</name>
         <load_address>0x14544</load_address>
         <run_address>0x14544</run_address>
         <size>0x28</size>
         <input_file_ref idref="fl-6e"/>
      </object_component>
      <object_component id="oc-b5">
         <name>.text:decompress:ZI:__TI_zero_init</name>
         <load_address>0x1456c</load_address>
         <run_address>0x1456c</run_address>
         <size>0x24</size>
         <input_file_ref idref="fl-53"/>
      </object_component>
      <object_component id="oc-7b0">
         <name>.text:ir_send</name>
         <load_address>0x14590</load_address>
         <run_address>0x14590</run_address>
         <size>0x24</size>
         <input_file_ref idref="fl-3"/>
      </object_component>
      <object_component id="oc-ad5">
         <name>.text</name>
         <load_address>0x145b4</load_address>
         <run_address>0x145b4</run_address>
         <size>0x24</size>
         <input_file_ref idref="fl-55"/>
      </object_component>
      <object_component id="oc-793">
         <name>.text:clock_init</name>
         <load_address>0x145d8</load_address>
         <run_address>0x145d8</run_address>
         <size>0x1e</size>
         <input_file_ref idref="fl-4"/>
      </object_component>
      <object_component id="oc-8b9">
         <name>.text:memccpy</name>
         <load_address>0x145f6</load_address>
         <run_address>0x145f6</run_address>
         <size>0x1e</size>
         <input_file_ref idref="fl-92"/>
      </object_component>
      <object_component id="oc-a6f">
         <name>.text:strchr</name>
         <load_address>0x14614</load_address>
         <run_address>0x14614</run_address>
         <size>0x1c</size>
         <input_file_ref idref="fl-9a"/>
      </object_component>
      <object_component id="oc-b4d">
         <name>.text:strcmp</name>
         <load_address>0x14630</load_address>
         <run_address>0x14630</run_address>
         <size>0x1c</size>
         <input_file_ref idref="fl-9b"/>
      </object_component>
      <object_component id="oc-7d9">
         <name>.text</name>
         <load_address>0x1464c</load_address>
         <run_address>0x1464c</run_address>
         <size>0x18</size>
         <input_file_ref idref="fl-54"/>
      </object_component>
      <object_component id="oc-887">
         <name>.text:memchr</name>
         <load_address>0x14664</load_address>
         <run_address>0x14664</run_address>
         <size>0x16</size>
         <input_file_ref idref="fl-93"/>
      </object_component>
      <object_component id="oc-8a5">
         <name>.text:memset</name>
         <load_address>0x1467a</load_address>
         <run_address>0x1467a</run_address>
         <size>0x16</size>
         <input_file_ref idref="fl-94"/>
      </object_component>
      <object_component id="oc-976">
         <name>.text</name>
         <load_address>0x14690</load_address>
         <run_address>0x14690</run_address>
         <size>0x16</size>
         <input_file_ref idref="fl-6b"/>
      </object_component>
      <object_component id="oc-6ed">
         <name>.text:memcpy</name>
         <load_address>0x146a6</load_address>
         <run_address>0x146a6</run_address>
         <size>0x14</size>
         <input_file_ref idref="fl-65"/>
      </object_component>
      <object_component id="oc-8a">
         <name>.text:decompress:none:__TI_decompress_none</name>
         <load_address>0x146ba</load_address>
         <run_address>0x146ba</run_address>
         <size>0x12</size>
         <input_file_ref idref="fl-2d"/>
      </object_component>
      <object_component id="oc-ab2">
         <name>.text:strcpy</name>
         <load_address>0x146cc</load_address>
         <run_address>0x146cc</run_address>
         <size>0x12</size>
         <input_file_ref idref="fl-9c"/>
      </object_component>
      <object_component id="oc-8fe">
         <name>.text:toupper</name>
         <load_address>0x146de</load_address>
         <run_address>0x146de</run_address>
         <size>0x12</size>
         <input_file_ref idref="fl-9f"/>
      </object_component>
      <object_component id="oc-b3c">
         <name>.text:l_asr</name>
         <load_address>0x146f0</load_address>
         <run_address>0x146f0</run_address>
         <size>0x10</size>
         <input_file_ref idref="fl-78"/>
      </object_component>
      <object_component id="oc-b37">
         <name>.text:l_lsl</name>
         <load_address>0x14700</load_address>
         <run_address>0x14700</run_address>
         <size>0x10</size>
         <input_file_ref idref="fl-76"/>
      </object_component>
      <object_component id="oc-a1d">
         <name>.text:l_lsr</name>
         <load_address>0x14710</load_address>
         <run_address>0x14710</run_address>
         <size>0x10</size>
         <input_file_ref idref="fl-79"/>
      </object_component>
      <object_component id="oc-854">
         <name>.text:strlen</name>
         <load_address>0x14720</load_address>
         <run_address>0x14720</run_address>
         <size>0xe</size>
         <input_file_ref idref="fl-9d"/>
      </object_component>
      <object_component id="oc-a75">
         <name>.text:__mspabi_fltid</name>
         <load_address>0x1472e</load_address>
         <run_address>0x1472e</run_address>
         <size>0xc</size>
         <input_file_ref idref="fl-70"/>
      </object_component>
      <object_component id="oc-a48">
         <name>.text:abs</name>
         <load_address>0x1473a</load_address>
         <run_address>0x1473a</run_address>
         <size>0xa</size>
         <input_file_ref idref="fl-80"/>
      </object_component>
      <object_component id="oc-822">
         <name>.text:_outc</name>
         <load_address>0x14744</load_address>
         <run_address>0x14744</run_address>
         <size>0x6</size>
         <input_file_ref idref="fl-66"/>
      </object_component>
      <object_component id="oc-734">
         <name>.text:abort</name>
         <load_address>0x1474a</load_address>
         <run_address>0x1474a</run_address>
         <size>0x6</size>
         <input_file_ref idref="fl-60"/>
      </object_component>
      <object_component id="oc-81c">
         <name>.text:_outs</name>
         <load_address>0x14750</load_address>
         <run_address>0x14750</run_address>
         <size>0x4</size>
         <input_file_ref idref="fl-66"/>
      </object_component>
      <object_component id="oc-70c">
         <name>.text:_system_pre_init</name>
         <load_address>0x14754</load_address>
         <run_address>0x14754</run_address>
         <size>0x4</size>
         <input_file_ref idref="fl-5f"/>
      </object_component>
      <object_component id="oc-7f6">
         <name>.text:_nop</name>
         <load_address>0x14758</load_address>
         <run_address>0x14758</run_address>
         <size>0x2</size>
         <input_file_ref idref="fl-62"/>
      </object_component>
      <object_component id="oc-772">
         <name>.text:_system_post_cinit</name>
         <load_address>0x1475a</load_address>
         <run_address>0x1475a</run_address>
         <size>0x2</size>
         <input_file_ref idref="fl-5e"/>
      </object_component>
      <object_component id="oc-812">
         <name>.bss</name>
         <uninitialized>true</uninitialized>
         <run_address>0x1e8e</run_address>
         <size>0x4</size>
         <input_file_ref idref="fl-3"/>
      </object_component>
      <object_component id="oc-a92">
         <name>.bss:parmbuf</name>
         <uninitialized>true</uninitialized>
         <run_address>0x1e86</run_address>
         <size>0x8</size>
         <input_file_ref idref="fl-8d"/>
      </object_component>
      <object_component id="oc-9cf">
         <name>.bss</name>
         <uninitialized>true</uninitialized>
         <run_address>0x1e7c</run_address>
         <size>0xa</size>
         <input_file_ref idref="fl-98"/>
      </object_component>
      <object_component id="oc-80a">
         <name>.common:pl_len</name>
         <uninitialized>true</uninitialized>
         <run_address>0x1ead</run_address>
         <size>0x1</size>
      </object_component>
      <object_component id="oc-80f">
         <name>.common:pl_len_bytes</name>
         <uninitialized>true</uninitialized>
         <run_address>0x1eaa</run_address>
         <size>0x2</size>
      </object_component>
      <object_component id="oc-7b6">
         <name>.common:curr_pl_len_bytes</name>
         <uninitialized>true</uninitialized>
         <run_address>0x1ea4</run_address>
         <size>0x2</size>
      </object_component>
      <object_component id="oc-813">
         <name>.common:pl_addr</name>
         <uninitialized>true</uninitialized>
         <run_address>0x1e9e</run_address>
         <size>0x4</size>
      </object_component>
      <object_component id="oc-80b">
         <name>.common:bits_to_send</name>
         <uninitialized>true</uninitialized>
         <run_address>0x1eac</run_address>
         <size>0x1</size>
      </object_component>
      <object_component id="oc-811">
         <name>.common:payload</name>
         <uninitialized>true</uninitialized>
         <run_address>0x1e9a</run_address>
         <size>0x4</size>
      </object_component>
      <object_component id="oc-80c">
         <name>.common:burst_len_addr</name>
         <uninitialized>true</uninitialized>
         <run_address>0x1e92</run_address>
         <size>0x4</size>
      </object_component>
      <object_component id="oc-80d">
         <name>.common:gap_len_addr</name>
         <uninitialized>true</uninitialized>
         <run_address>0x1e96</run_address>
         <size>0x4</size>
      </object_component>
      <object_component id="oc-75a">
         <name>.common:tx_available</name>
         <uninitialized>true</uninitialized>
         <run_address>0x1eaf</run_address>
         <size>0x1</size>
      </object_component>
      <object_component id="oc-75f">
         <name>.common:burst_len</name>
         <uninitialized>true</uninitialized>
         <run_address>0x1ea2</run_address>
         <size>0x2</size>
      </object_component>
      <object_component id="oc-761">
         <name>.common:gap_len</name>
         <uninitialized>true</uninitialized>
         <run_address>0x1ea6</run_address>
         <size>0x2</size>
      </object_component>
      <object_component id="oc-762">
         <name>.common:schedule_ir_tick</name>
         <uninitialized>true</uninitialized>
         <run_address>0x1eae</run_address>
         <size>0x1</size>
      </object_component>
      <object_component id="oc-7a5">
         <name>.common:tx_done</name>
         <uninitialized>true</uninitialized>
         <run_address>0x1eb0</run_address>
         <size>0x1</size>
      </object_component>
      <object_component id="oc-7a6">
         <name>.common:offset</name>
         <uninitialized>true</uninitialized>
         <run_address>0x1ea8</run_address>
         <size>0x2</size>
      </object_component>
      <object_component id="oc-a87">
         <name>.common:__TI_tmpnams</name>
         <uninitialized>true</uninitialized>
         <run_address>0x1ddc</run_address>
         <size>0xa0</size>
      </object_component>
      <object_component id="oc-7ad">
         <name>.data:dummy_data</name>
         <load_address>0x1d40</load_address>
         <run_address>0x1d40</run_address>
         <size>0x40</size>
         <input_file_ref idref="fl-2"/>
      </object_component>
      <object_component id="oc-760">
         <name>.data</name>
         <load_address>0x1dd2</load_address>
         <run_address>0x1dd2</run_address>
         <size>0x2</size>
         <input_file_ref idref="fl-2"/>
      </object_component>
      <object_component id="oc-810">
         <name>.data</name>
         <load_address>0x1dbc</load_address>
         <run_address>0x1dbc</run_address>
         <size>0x6</size>
         <input_file_ref idref="fl-3"/>
      </object_component>
      <object_component id="oc-781">
         <name>.data</name>
         <load_address>0x1dd8</load_address>
         <run_address>0x1dd8</run_address>
         <size>0x2</size>
         <input_file_ref idref="fl-60"/>
      </object_component>
      <object_component id="oc-78a">
         <name>.data:__TI_cleanup_ptr</name>
         <load_address>0x1dc2</load_address>
         <run_address>0x1dc2</run_address>
         <size>0x4</size>
         <input_file_ref idref="fl-61"/>
      </object_component>
      <object_component id="oc-787">
         <name>.data:__TI_dtors_ptr</name>
         <load_address>0x1dc6</load_address>
         <run_address>0x1dc6</run_address>
         <size>0x4</size>
         <input_file_ref idref="fl-61"/>
      </object_component>
      <object_component id="oc-784">
         <name>.data:_lock</name>
         <load_address>0x1dca</load_address>
         <run_address>0x1dca</run_address>
         <size>0x4</size>
         <input_file_ref idref="fl-62"/>
      </object_component>
      <object_component id="oc-78d">
         <name>.data:_unlock</name>
         <load_address>0x1dce</load_address>
         <run_address>0x1dce</run_address>
         <size>0x4</size>
         <input_file_ref idref="fl-62"/>
      </object_component>
      <object_component id="oc-819">
         <name>.data:_ftable</name>
         <load_address>0x1c00</load_address>
         <run_address>0x1c00</run_address>
         <size>0xc8</size>
         <input_file_ref idref="fl-7f"/>
      </object_component>
      <object_component id="oc-9e3">
         <name>.data</name>
         <load_address>0x1dd4</load_address>
         <run_address>0x1dd4</run_address>
         <size>0x2</size>
         <input_file_ref idref="fl-7f"/>
      </object_component>
      <object_component id="oc-ae4">
         <name>.data</name>
         <load_address>0x1dd6</load_address>
         <run_address>0x1dd6</run_address>
         <size>0x2</size>
         <input_file_ref idref="fl-8b"/>
      </object_component>
      <object_component id="oc-952">
         <name>.data:_device</name>
         <load_address>0x1cc8</load_address>
         <run_address>0x1cc8</run_address>
         <size>0x78</size>
         <input_file_ref idref="fl-8c"/>
      </object_component>
      <object_component id="oc-8da">
         <name>.data:_stream</name>
         <load_address>0x1d80</load_address>
         <run_address>0x1d80</run_address>
         <size>0x3c</size>
         <input_file_ref idref="fl-8c"/>
      </object_component>
      <object_component id="oc-9d3">
         <name>.data</name>
         <load_address>0x1dda</load_address>
         <run_address>0x1dda</run_address>
         <size>0x2</size>
         <input_file_ref idref="fl-98"/>
      </object_component>
      <object_component id="oc-6db">
         <name>.stack</name>
         <uninitialized>true</uninitialized>
         <run_address>0x2b60</run_address>
         <size>0x4</size>
         <input_file_ref idref="fl-59"/>
      </object_component>
      <object_component id="oc-bcf">
         <name>.stack</name>
         <uninitialized>true</uninitialized>
         <run_address>0x2b60</run_address>
         <size>0x0</size>
      </object_component>
      <object_component id="oc-90">
         <name>.int18</name>
         <load_address>0xffb4</load_address>
         <run_address>0xffb4</run_address>
         <size>0x2</size>
         <input_file_ref idref="fl-2e"/>
      </object_component>
      <object_component id="oc-91">
         <name>.int19</name>
         <load_address>0xffb6</load_address>
         <run_address>0xffb6</run_address>
         <size>0x2</size>
         <input_file_ref idref="fl-30"/>
      </object_component>
      <object_component id="oc-92">
         <name>.int20</name>
         <load_address>0xffb8</load_address>
         <run_address>0xffb8</run_address>
         <size>0x2</size>
         <input_file_ref idref="fl-31"/>
      </object_component>
      <object_component id="oc-93">
         <name>.int21</name>
         <load_address>0xffba</load_address>
         <run_address>0xffba</run_address>
         <size>0x2</size>
         <input_file_ref idref="fl-32"/>
      </object_component>
      <object_component id="oc-94">
         <name>.int22</name>
         <load_address>0xffbc</load_address>
         <run_address>0xffbc</run_address>
         <size>0x2</size>
         <input_file_ref idref="fl-33"/>
      </object_component>
      <object_component id="oc-95">
         <name>.int23</name>
         <load_address>0xffbe</load_address>
         <run_address>0xffbe</run_address>
         <size>0x2</size>
         <input_file_ref idref="fl-34"/>
      </object_component>
      <object_component id="oc-96">
         <name>.int24</name>
         <load_address>0xffc0</load_address>
         <run_address>0xffc0</run_address>
         <size>0x2</size>
         <input_file_ref idref="fl-35"/>
      </object_component>
      <object_component id="oc-97">
         <name>.int25</name>
         <load_address>0xffc2</load_address>
         <run_address>0xffc2</run_address>
         <size>0x2</size>
         <input_file_ref idref="fl-36"/>
      </object_component>
      <object_component id="oc-98">
         <name>.int26</name>
         <load_address>0xffc4</load_address>
         <run_address>0xffc4</run_address>
         <size>0x2</size>
         <input_file_ref idref="fl-37"/>
      </object_component>
      <object_component id="oc-99">
         <name>.int27</name>
         <load_address>0xffc6</load_address>
         <run_address>0xffc6</run_address>
         <size>0x2</size>
         <input_file_ref idref="fl-38"/>
      </object_component>
      <object_component id="oc-9a">
         <name>.int28</name>
         <load_address>0xffc8</load_address>
         <run_address>0xffc8</run_address>
         <size>0x2</size>
         <input_file_ref idref="fl-39"/>
      </object_component>
      <object_component id="oc-9b">
         <name>.int29</name>
         <load_address>0xffca</load_address>
         <run_address>0xffca</run_address>
         <size>0x2</size>
         <input_file_ref idref="fl-3a"/>
      </object_component>
      <object_component id="oc-9c">
         <name>.int30</name>
         <load_address>0xffcc</load_address>
         <run_address>0xffcc</run_address>
         <size>0x2</size>
         <input_file_ref idref="fl-3b"/>
      </object_component>
      <object_component id="oc-9d">
         <name>.int31</name>
         <load_address>0xffce</load_address>
         <run_address>0xffce</run_address>
         <size>0x2</size>
         <input_file_ref idref="fl-3c"/>
      </object_component>
      <object_component id="oc-9e">
         <name>.int32</name>
         <load_address>0xffd0</load_address>
         <run_address>0xffd0</run_address>
         <size>0x2</size>
         <input_file_ref idref="fl-3d"/>
      </object_component>
      <object_component id="oc-9f">
         <name>.int33</name>
         <load_address>0xffd2</load_address>
         <run_address>0xffd2</run_address>
         <size>0x2</size>
         <input_file_ref idref="fl-3e"/>
      </object_component>
      <object_component id="oc-a0">
         <name>.int34</name>
         <load_address>0xffd4</load_address>
         <run_address>0xffd4</run_address>
         <size>0x2</size>
         <input_file_ref idref="fl-3f"/>
      </object_component>
      <object_component id="oc-a1">
         <name>.int35</name>
         <load_address>0xffd6</load_address>
         <run_address>0xffd6</run_address>
         <size>0x2</size>
         <input_file_ref idref="fl-40"/>
      </object_component>
      <object_component id="oc-a2">
         <name>.int36</name>
         <load_address>0xffd8</load_address>
         <run_address>0xffd8</run_address>
         <size>0x2</size>
         <input_file_ref idref="fl-41"/>
      </object_component>
      <object_component id="oc-a3">
         <name>.int37</name>
         <load_address>0xffda</load_address>
         <run_address>0xffda</run_address>
         <size>0x2</size>
         <input_file_ref idref="fl-42"/>
      </object_component>
      <object_component id="oc-a4">
         <name>.int38</name>
         <load_address>0xffdc</load_address>
         <run_address>0xffdc</run_address>
         <size>0x2</size>
         <input_file_ref idref="fl-43"/>
      </object_component>
      <object_component id="oc-a5">
         <name>.int39</name>
         <load_address>0xffde</load_address>
         <run_address>0xffde</run_address>
         <size>0x2</size>
         <input_file_ref idref="fl-44"/>
      </object_component>
      <object_component id="oc-a6">
         <name>.int40</name>
         <load_address>0xffe0</load_address>
         <run_address>0xffe0</run_address>
         <size>0x2</size>
         <input_file_ref idref="fl-45"/>
      </object_component>
      <object_component id="oc-a7">
         <name>.int41</name>
         <load_address>0xffe2</load_address>
         <run_address>0xffe2</run_address>
         <size>0x2</size>
         <input_file_ref idref="fl-46"/>
      </object_component>
      <object_component id="oc-a8">
         <name>.int42</name>
         <load_address>0xffe4</load_address>
         <run_address>0xffe4</run_address>
         <size>0x2</size>
         <input_file_ref idref="fl-47"/>
      </object_component>
      <object_component id="oc-a9">
         <name>.int43</name>
         <load_address>0xffe6</load_address>
         <run_address>0xffe6</run_address>
         <size>0x2</size>
         <input_file_ref idref="fl-48"/>
      </object_component>
      <object_component id="oc-aa">
         <name>.int44</name>
         <load_address>0xffe8</load_address>
         <run_address>0xffe8</run_address>
         <size>0x2</size>
         <input_file_ref idref="fl-49"/>
      </object_component>
      <object_component id="oc-ab">
         <name>.int45</name>
         <load_address>0xffea</load_address>
         <run_address>0xffea</run_address>
         <size>0x2</size>
         <input_file_ref idref="fl-2"/>
      </object_component>
      <object_component id="oc-ac">
         <name>.int46</name>
         <load_address>0xffec</load_address>
         <run_address>0xffec</run_address>
         <size>0x2</size>
         <input_file_ref idref="fl-4a"/>
      </object_component>
      <object_component id="oc-ad">
         <name>.int47</name>
         <load_address>0xffee</load_address>
         <run_address>0xffee</run_address>
         <size>0x2</size>
         <input_file_ref idref="fl-4b"/>
      </object_component>
      <object_component id="oc-ae">
         <name>.int48</name>
         <load_address>0xfff0</load_address>
         <run_address>0xfff0</run_address>
         <size>0x2</size>
         <input_file_ref idref="fl-4c"/>
      </object_component>
      <object_component id="oc-af">
         <name>.int49</name>
         <load_address>0xfff2</load_address>
         <run_address>0xfff2</run_address>
         <size>0x2</size>
         <input_file_ref idref="fl-4d"/>
      </object_component>
      <object_component id="oc-b0">
         <name>.int50</name>
         <load_address>0xfff4</load_address>
         <run_address>0xfff4</run_address>
         <size>0x2</size>
         <input_file_ref idref="fl-4e"/>
      </object_component>
      <object_component id="oc-b1">
         <name>.int51</name>
         <load_address>0xfff6</load_address>
         <run_address>0xfff6</run_address>
         <size>0x2</size>
         <input_file_ref idref="fl-4f"/>
      </object_component>
      <object_component id="oc-b2">
         <name>.int52</name>
         <load_address>0xfff8</load_address>
         <run_address>0xfff8</run_address>
         <size>0x2</size>
         <input_file_ref idref="fl-50"/>
      </object_component>
      <object_component id="oc-b3">
         <name>.int53</name>
         <load_address>0xfffa</load_address>
         <run_address>0xfffa</run_address>
         <size>0x2</size>
         <input_file_ref idref="fl-51"/>
      </object_component>
      <object_component id="oc-b4">
         <name>.int54</name>
         <load_address>0xfffc</load_address>
         <run_address>0xfffc</run_address>
         <size>0x2</size>
         <input_file_ref idref="fl-52"/>
      </object_component>
      <object_component id="oc-6de">
         <name>.reset</name>
         <load_address>0xfffe</load_address>
         <run_address>0xfffe</run_address>
         <size>0x2</size>
         <input_file_ref idref="fl-59"/>
      </object_component>
      <object_component id="oc-75b">
         <name>.debug_info</name>
         <load_address>0x0</load_address>
         <run_address>0x0</run_address>
         <size>0x5b2</size>
         <input_file_ref idref="fl-2"/>
      </object_component>
      <object_component id="oc-7ae">
         <name>.debug_info</name>
         <load_address>0x5b2</load_address>
         <run_address>0x5b2</run_address>
         <size>0xd6</size>
         <input_file_ref idref="fl-2"/>
      </object_component>
      <object_component id="oc-72d">
         <name>.debug_info</name>
         <load_address>0x688</load_address>
         <run_address>0x688</run_address>
         <size>0x14b</size>
         <input_file_ref idref="fl-2"/>
      </object_component>
      <object_component id="oc-700">
         <name>.debug_info</name>
         <load_address>0x7d3</load_address>
         <run_address>0x7d3</run_address>
         <size>0x11c</size>
         <input_file_ref idref="fl-2"/>
      </object_component>
      <object_component id="oc-7d2">
         <name>.debug_info</name>
         <load_address>0x8ef</load_address>
         <run_address>0x8ef</run_address>
         <size>0xc1</size>
         <input_file_ref idref="fl-2"/>
      </object_component>
      <object_component id="oc-7bf">
[...]
         <object_component_ref idref="oc-922"/>
      </symbol>
      <symbol id="sm-a8f">
         <name>__mspabi_divd</name>
         <value>0x11b16</value>
         <object_component_ref idref="oc-9b0"/>
      </symbol>
      <symbol id="sm-aaa">
         <name>__TI_frcdivd</name>
         <value>0x10000</value>
         <object_component_ref idref="oc-a5a"/>
      </symbol>
      <symbol id="sm-ab4">
         <name>__mspabi_remu</name>
         <value>0x14690</value>
         <object_component_ref idref="oc-976"/>
      </symbol>
      <symbol id="sm-ab5">
         <name>__mspabi_divu</name>
         <value>0x14690</value>
         <object_component_ref idref="oc-976"/>
      </symbol>
      <symbol id="sm-ac3">
         <name>__mspabi_remul</name>
         <value>0x13f0c</value>
         <object_component_ref idref="oc-971"/>
      </symbol>
      <symbol id="sm-ac4">
         <name>__mspabi_divul</name>
         <value>0x13f0c</value>
         <object_component_ref idref="oc-971"/>
      </symbol>
      <symbol id="sm-af7">
         <name>__mspabi_divull</name>
         <value>0x10478</value>
         <object_component_ref idref="oc-96b"/>
      </symbol>
      <symbol id="sm-b04">
         <name>__mspabi_fixdi</name>
         <value>0x14544</value>
         <object_component_ref idref="oc-a3b"/>
      </symbol>
      <symbol id="sm-b13">
         <name>__mspabi_fixdli</name>
         <value>0x13cc6</value>
         <object_component_ref idref="oc-a41"/>
      </symbol>
      <symbol id="sm-b1c">
         <name>__mspabi_fltid</name>
         <value>0x1472e</value>
         <object_component_ref idref="oc-a75"/>
      </symbol>
      <symbol id="sm-b34">
         <name>__mspabi_fltlid</name>
         <value>0x134e6</value>
         <object_component_ref idref="oc-a2f"/>
      </symbol>
      <symbol id="sm-b54">
         <name>__mspabi_mpyd</name>
         <value>0x10d24</value>
         <object_component_ref idref="oc-9aa"/>
      </symbol>
      <symbol id="sm-b65">
         <name>__TI_frcmpyd</name>
         <value>0x10a9e</value>
         <object_component_ref idref="oc-a52"/>
      </symbol>
      <symbol id="sm-b6f">
         <name>__mspabi_negd</name>
         <value>0x14436</value>
         <object_component_ref idref="oc-904"/>
      </symbol>
      <symbol id="sm-b7f">
         <name>__mspabi_slll_9</name>
         <value>0x141b2</value>
         <object_component_ref idref="oc-aab"/>
      </symbol>
      <symbol id="sm-b80">
         <name>__mspabi_slll_8</name>
         <value>0x141b6</value>
         <object_component_ref idref="oc-aab"/>
      </symbol>
      <symbol id="sm-b81">
         <name>__mspabi_slll_7</name>
         <value>0x141ba</value>
         <object_component_ref idref="oc-aab"/>
      </symbol>
      <symbol id="sm-b82">
         <name>__mspabi_slll_6</name>
         <value>0x141be</value>
         <object_component_ref idref="oc-aab"/>
      </symbol>
      <symbol id="sm-b83">
         <name>__mspabi_slll_5</name>
         <value>0x141c2</value>
         <object_component_ref idref="oc-aab"/>
      </symbol>
      <symbol id="sm-b84">
         <name>__mspabi_slll_4</name>
         <value>0x141c6</value>
         <object_component_ref idref="oc-aab"/>
      </symbol>
      <symbol id="sm-b85">
         <name>__mspabi_slll_3</name>
         <value>0x141ca</value>
         <object_component_ref idref="oc-aab"/>
      </symbol>
      <symbol id="sm-b86">
         <name>__mspabi_slll_2</name>
         <value>0x141ce</value>
         <object_component_ref idref="oc-aab"/>
      </symbol>
      <symbol id="sm-b87">
         <name>__mspabi_slll_1</name>
         <value>0x141d2</value>
         <object_component_ref idref="oc-aab"/>
      </symbol>
      <symbol id="sm-b88">
         <name>__mspabi_slll</name>
         <value>0x14700</value>
         <object_component_ref idref="oc-b37"/>
      </symbol>
      <symbol id="sm-b89">
         <name>__mspabi_slll_15</name>
         <value>0x1419a</value>
         <object_component_ref idref="oc-aab"/>
      </symbol>
      <symbol id="sm-b8a">
         <name>__mspabi_slll_14</name>
         <value>0x1419e</value>
         <object_component_ref idref="oc-aab"/>
      </symbol>
      <symbol id="sm-b8b">
         <name>__mspabi_slll_13</name>
         <value>0x141a2</value>
         <object_component_ref idref="oc-aab"/>
      </symbol>
      <symbol id="sm-b8c">
         <name>__mspabi_slll_12</name>
         <value>0x141a6</value>
         <object_component_ref idref="oc-aab"/>
      </symbol>
      <symbol id="sm-b8d">
         <name>__mspabi_slll_11</name>
         <value>0x141aa</value>
         <object_component_ref idref="oc-aab"/>
      </symbol>
      <symbol id="sm-b8e">
         <name>__mspabi_slll_10</name>
         <value>0x141ae</value>
         <object_component_ref idref="oc-aab"/>
      </symbol>
      <symbol id="sm-b9b">
         <name>__mspabi_sllll</name>
         <value>0x14290</value>
         <object_component_ref idref="oc-a17"/>
      </symbol>
      <symbol id="sm-bab">
         <name>__mspabi_sral</name>
         <value>0x146f0</value>
         <object_component_ref idref="oc-b3c"/>
      </symbol>
      <symbol id="sm-bac">
         <name>__mspabi_sral_15</name>
         <value>0x1415c</value>
         <object_component_ref idref="oc-aa6"/>
      </symbol>
      <symbol id="sm-bad">
         <name>__mspabi_sral_14</name>
         <value>0x14160</value>
         <object_component_ref idref="oc-aa6"/>
      </symbol>
      <symbol id="sm-bae">
         <name>__mspabi_sral_13</name>
         <value>0x14164</value>
         <object_component_ref idref="oc-aa6"/>
      </symbol>
      <symbol id="sm-baf">
         <name>__mspabi_sral_12</name>
         <value>0x14168</value>
         <object_component_ref idref="oc-aa6"/>
      </symbol>
      <symbol id="sm-bb0">
         <name>__mspabi_sral_11</name>
         <value>0x1416c</value>
         <object_component_ref idref="oc-aa6"/>
      </symbol>
      <symbol id="sm-bb1">
         <name>__mspabi_sral_10</name>
         <value>0x14170</value>
         <object_component_ref idref="oc-aa6"/>
      </symbol>
      <symbol id="sm-bb2">
         <name>__mspabi_sral_8</name>
         <value>0x14178</value>
         <object_component_ref idref="oc-aa6"/>
      </symbol>
      <symbol id="sm-bb3">
         <name>__mspabi_sral_9</name>
         <value>0x14174</value>
         <object_component_ref idref="oc-aa6"/>
      </symbol>
      <symbol id="sm-bb4">
         <name>__mspabi_sral_6</name>
         <value>0x14180</value>
         <object_component_ref idref="oc-aa6"/>
      </symbol>
      <symbol id="sm-bb5">
         <name>__mspabi_sral_7</name>
         <value>0x1417c</value>
         <object_component_ref idref="oc-aa6"/>
      </symbol>
      <symbol id="sm-bb6">
         <name>__mspabi_sral_4</name>
         <value>0x14188</value>
         <object_component_ref idref="oc-aa6"/>
      </symbol>
      <symbol id="sm-bb7">
         <name>__mspabi_sral_5</name>
         <value>0x14184</value>
         <object_component_ref idref="oc-aa6"/>
      </symbol>
      <symbol id="sm-bb8">
         <name>__mspabi_sral_2</name>
         <value>0x14190</value>
         <object_component_ref idref="oc-aa6"/>
      </symbol>
      <symbol id="sm-bb9">
         <name>__mspabi_sral_3</name>
         <value>0x1418c</value>
         <object_component_ref idref="oc-aa6"/>
      </symbol>
      <symbol id="sm-bba">
         <name>__mspabi_sral_1</name>
         <value>0x14194</value>
         <object_component_ref idref="oc-aa6"/>
      </symbol>
      <symbol id="sm-bca">
         <name>__mspabi_srll_8</name>
         <value>0x141f4</value>
         <object_component_ref idref="oc-ac4"/>
      </symbol>
      <symbol id="sm-bcb">
         <name>__mspabi_srll_9</name>
         <value>0x141f0</value>
         <object_component_ref idref="oc-ac4"/>
      </symbol>
      <symbol id="sm-bcc">
         <name>__mspabi_srll_6</name>
         <value>0x141fc</value>
         <object_component_ref idref="oc-ac4"/>
      </symbol>
      <symbol id="sm-bcd">
         <name>__mspabi_srll_7</name>
         <value>0x141f8</value>
         <object_component_ref idref="oc-ac4"/>
      </symbol>
      <symbol id="sm-bce">
         <name>__mspabi_srll_4</name>
         <value>0x14204</value>
         <object_component_ref idref="oc-ac4"/>
      </symbol>
      <symbol id="sm-bcf">
         <name>__mspabi_srll_5</name>
         <value>0x14200</value>
         <object_component_ref idref="oc-ac4"/>
      </symbol>
      <symbol id="sm-bd0">
         <name>__mspabi_srll_2</name>
         <value>0x1420c</value>
         <object_component_ref idref="oc-ac4"/>
      </symbol>
      <symbol id="sm-bd1">
         <name>__mspabi_srll_3</name>
         <value>0x14208</value>
         <object_component_ref idref="oc-ac4"/>
      </symbol>
      <symbol id="sm-bd2">
         <name>__mspabi_srll_1</name>
         <value>0x14210</value>
         <object_component_ref idref="oc-ac4"/>
      </symbol>
      <symbol id="sm-bd3">
         <name>__mspabi_srll_15</name>
         <value>0x141d8</value>
         <object_component_ref idref="oc-ac4"/>
      </symbol>
      <symbol id="sm-bd4">
         <name>__mspabi_srll_14</name>
         <value>0x141dc</value>
         <object_component_ref idref="oc-ac4"/>
      </symbol>
      <symbol id="sm-bd5">
         <name>__mspabi_srll_13</name>
         <value>0x141e0</value>
         <object_component_ref idref="oc-ac4"/>
      </symbol>
      <symbol id="sm-bd6">
         <name>__mspabi_srll_12</name>
         <value>0x141e4</value>
         <object_component_ref idref="oc-ac4"/>
      </symbol>
      <symbol id="sm-bd7">
         <name>__mspabi_srll_11</name>
         <value>0x141e8</value>
         <object_component_ref idref="oc-ac4"/>
      </symbol>
      <symbol id="sm-bd8">
         <name>__mspabi_srll_10</name>
         <value>0x141ec</value>
         <object_component_ref idref="oc-ac4"/>
      </symbol>
      <symbol id="sm-bd9">
         <name>__mspabi_srll</name>
         <value>0x14710</value>
         <object_component_ref idref="oc-a1d"/>
      </symbol>
      <symbol id="sm-be6">
         <name>__mspabi_srlll</name>
         <value>0x142ca</value>
         <object_component_ref idref="oc-97b"/>
      </symbol>
      <symbol id="sm-bef">
         <name>__mspabi_subd</name>
         <value>0x143a2</value>
         <object_component_ref idref="oc-a35"/>
      </symbol>
      <symbol id="sm-c11">
         <name>__mspabi_addd</name>
         <value>0x107c6</value>
         <object_component_ref idref="oc-acb"/>
      </symbol>
      <symbol id="sm-c32">
         <name>__TI_frcaddd</name>
         <value>0x11464</value>
         <object_component_ref idref="oc-b10"/>
      </symbol>
      <symbol id="sm-c46">
         <name>__TI_renormd</name>
         <value>0x132dc</value>
         <object_component_ref idref="oc-b41"/>
      </symbol>
      <symbol id="sm-c56">
         <name>__TI_tmpnams</name>
         <value>0x1ddc</value>
      </symbol>
      <symbol id="sm-c57">
         <name>_ftable</name>
         <value>0x1c00</value>
         <object_component_ref idref="oc-819"/>
      </symbol>
      <symbol id="sm-c58">
         <name>__TI_ft_end</name>
         <value>0x1dd4</value>
         <object_component_ref idref="oc-9e3"/>
      </symbol>
      <symbol id="sm-c62">
         <name>abs</name>
         <value>0x1473a</value>
         <object_component_ref idref="oc-a48"/>
      </symbol>
      <symbol id="sm-c75">
         <name>atoi</name>
         <value>0x13df6</value>
         <object_component_ref idref="oc-89f"/>
      </symbol>
      <symbol id="sm-c7f">
         <name>_ctypes_</name>
         <value>0x4468</value>
         <object_component_ref idref="oc-8e5"/>
      </symbol>
      <symbol id="sm-c92">
         <name>putc</name>
         <value>0x136a4</value>
         <object_component_ref idref="oc-84d"/>
      </symbol>
      <symbol id="sm-c93">
         <name>fputc</name>
         <value>0x136a4</value>
         <object_component_ref idref="oc-84d"/>
      </symbol>
      <symbol id="sm-ca4">
         <name>__TI_doflush</name>
         <value>0x13d92</value>
         <object_component_ref idref="oc-88d"/>
      </symbol>
      <symbol id="sm-cbc">
         <name>__TI_wrt_ok</name>
         <value>0x138c4</value>
         <object_component_ref idref="oc-881"/>
      </symbol>
      <symbol id="sm-cd4">
         <name>fputs</name>
         <value>0x12e04</value>
         <object_component_ref idref="oc-846"/>
      </symbol>
      <symbol id="sm-ceb">
         <name>frexpl</name>
         <value>0x1338e</value>
         <object_component_ref idref="oc-9b7"/>
      </symbol>
      <symbol id="sm-cec">
         <name>frexp</name>
         <value>0x1338e</value>
         <object_component_ref idref="oc-9b7"/>
      </symbol>
      <symbol id="sm-d01">
         <name>fseek</name>
         <value>0x13c5c</value>
         <object_component_ref idref="oc-8c8"/>
      </symbol>
      <symbol id="sm-d1b">
         <name>scalbn</name>
         <value>0x12504</value>
         <object_component_ref idref="oc-a69"/>
      </symbol>
      <symbol id="sm-d1c">
         <name>scalbnl</name>
         <value>0x12504</value>
         <object_component_ref idref="oc-a69"/>
      </symbol>
      <symbol id="sm-d1d">
         <name>ldexpl</name>
         <value>0x12504</value>
         <object_component_ref idref="oc-a69"/>
      </symbol>
      <symbol id="sm-d1e">
         <name>ldexp</name>
         <value>0x12504</value>
         <object_component_ref idref="oc-a69"/>
      </symbol>
      <symbol id="sm-d27">
         <name>copysign</name>
         <value>0x14464</value>
         <object_component_ref idref="oc-ae7"/>
      </symbol>
      <symbol id="sm-d28">
         <name>copysignl</name>
         <value>0x14464</value>
         <object_component_ref idref="oc-ae7"/>
      </symbol>
      <symbol id="sm-d2f">
         <name>errno</name>
         <value>0x1dd6</value>
         <object_component_ref idref="oc-ae4"/>
      </symbol>
      <symbol id="sm-d82">
         <name>lseek</name>
         <value>0x14216</value>
         <object_component_ref idref="oc-92b"/>
      </symbol>
      <symbol id="sm-d83">
         <name>write</name>
         <value>0x14254</value>
         <object_component_ref idref="oc-893"/>
      </symbol>
      <symbol id="sm-d84">
         <name>close</name>
         <value>0x13e58</value>
         <object_component_ref idref="oc-a81"/>
      </symbol>
      <symbol id="sm-d85">
         <name>unlink</name>
         <value>0x14406</value>
         <object_component_ref idref="oc-a88"/>
      </symbol>
      <symbol id="sm-dc4">
         <name>HOSTrename</name>
         <value>0x13a32</value>
         <object_component_ref idref="oc-a0d"/>
      </symbol>
      <symbol id="sm-dc5">
         <name>HOSTclose</name>
         <value>0x13f64</value>
         <object_component_ref idref="oc-9ef"/>
      </symbol>
      <symbol id="sm-dc6">
         <name>HOSTunlink</name>
         <value>0x14094</value>
         <object_component_ref idref="oc-a07"/>
      </symbol>
      <symbol id="sm-dc7">
         <name>HOSTlseek</name>
         <value>0x13228</value>
         <object_component_ref idref="oc-a01"/>
      </symbol>
      <symbol id="sm-dc8">
         <name>HOSTopen</name>
         <value>0x13aa6</value>
         <object_component_ref idref="oc-9e9"/>
      </symbol>
      <symbol id="sm-dc9">
         <name>HOSTwrite</name>
         <value>0x13b86</value>
         <object_component_ref idref="oc-9fb"/>
      </symbol>
      <symbol id="sm-dca">
         <name>HOSTread</name>
         <value>0x13bf2</value>
         <object_component_ref idref="oc-9f5"/>
      </symbol>
      <symbol id="sm-de8">
         <name>__TI_readmsg</name>
         <value>0x14370</value>
         <object_component_ref idref="oc-a9b"/>
      </symbol>
      <symbol id="sm-de9">
         <name>C$$IO$$</name>
         <value>0x1436c</value>
         <object_component_ref idref="oc-a95"/>
      </symbol>
      <symbol id="sm-dea">
         <name>_CIOBUF_</name>
         <value>0x4000</value>
         <object_component_ref idref="oc-afe"/>
      </symbol>
      <symbol id="sm-deb">
         <name>__TI_writemsg</name>
         <value>0x1433a</value>
         <object_component_ref idref="oc-a95"/>
      </symbol>
      <symbol id="sm-dfb">
         <name>ltoa</name>
         <value>0x13844</value>
         <object_component_ref idref="oc-a29"/>
      </symbol>
      <symbol id="sm-e07">
         <name>__mspabi_remli</name>
         <value>0x1411c</value>
         <object_component_ref idref="oc-abd"/>
      </symbol>
      <symbol id="sm-e08">
         <name>__mspabi_divli</name>
         <value>0x1411c</value>
         <object_component_ref idref="oc-abd"/>
      </symbol>
      <symbol id="sm-e17">
         <name>memccpy</name>
         <value>0x145f6</value>
         <object_component_ref idref="oc-8b9"/>
      </symbol>
      <symbol id="sm-e26">
         <name>memchr</name>
         <value>0x14664</value>
         <object_component_ref idref="oc-887"/>
      </symbol>
      <symbol id="sm-e34">
         <name>memset</name>
         <value>0x1467a</value>
         <object_component_ref idref="oc-8a5"/>
      </symbol>
      <symbol id="sm-e4c">
         <name>setvbuf</name>
         <value>0x12ef4</value>
         <object_component_ref idref="oc-8ce"/>
      </symbol>
      <symbol id="sm-e58">
         <name>__TI_cleanup</name>
         <value>0x14304</value>
         <object_component_ref idref="oc-93f"/>
      </symbol>
      <symbol id="sm-e69">
         <name>__TI_closefile</name>
         <value>0x13b16</value>
         <object_component_ref idref="oc-9dd"/>
      </symbol>
      <symbol id="sm-eb8">
         <name>_sys_memory</name>
         <value>0x4120</value>
         <object_component_ref idref="oc-6df"/>
      </symbol>
      <symbol id="sm-eb9">
         <name>free</name>
         <value>0x13734</value>
         <object_component_ref idref="oc-933"/>
      </symbol>
      <symbol id="sm-eba">
         <name>malloc</name>
         <value>0x1316c</value>
         <object_component_ref idref="oc-939"/>
      </symbol>
      <symbol id="sm-ebb">
         <name>minit</name>
         <value>0x140da</value>
         <object_component_ref idref="oc-9d6"/>
      </symbol>
      <symbol id="sm-ecb">
         <name>strchr</name>
         <value>0x14614</value>
         <object_component_ref idref="oc-a6f"/>
      </symbol>
      <symbol id="sm-ed9">
         <name>strcmp</name>
         <value>0x14630</value>
         <object_component_ref idref="oc-b4d"/>
      </symbol>
      <symbol id="sm-ee6">
         <name>strcpy</name>
         <value>0x146cc</value>
         <object_component_ref idref="oc-ab2"/>
      </symbol>
      <symbol id="sm-ef3">
         <name>strlen</name>
         <value>0x14720</value>
         <object_component_ref idref="oc-854"/>
      </symbol>
      <symbol id="sm-f03">
         <name>strncpy</name>
         <value>0x143d4</value>
         <object_component_ref idref="oc-b24"/>
      </symbol>
      <symbol id="sm-f10">
         <name>toupper</name>
         <value>0x146de</value>
         <object_component_ref idref="oc-8fe"/>
      </symbol>
      <symbol id="sm-f15">
         <name>__TI_BINIT_Base</name>
         <value>0x0</value>
      </symbol>
      <symbol id="sm-f16">
         <name>__TI_BINIT_Limit</name>
         <value>0x0</value>
      </symbol>
      <symbol id="sm-f17">
         <name>__TI_INITARRAY_Base</name>
         <value>0x0</value>
      </symbol>
      <symbol id="sm-f18">
         <name>__TI_INITARRAY_Limit</name>
         <value>0x0</value>
      </symbol>
      <symbol id="sm-f19">
         <name>remove</name>
         <value>0x14406</value>
      </symbol>
   </symbol_table>
   <title>Link successful</title>
</link_info>
